Component: ARM Compiler 5.06 update 7 (build 960) Tool: armlink [4d3601]

==============================================================================

Section Cross References

    gd32f4xx_it.o(i.SysTick_Handler) refers to systick.o(i.delay_decrement) for delay_decrement
    main.o(i.main) refers to gd32f4xx_misc.o(i.nvic_vector_table_set) for nvic_vector_table_set
    main.o(i.main) refers to gd32f4xx_misc.o(i.nvic_priority_group_set) for nvic_priority_group_set
    main.o(i.main) refers to systick.o(i.systick_config) for systick_config
    main.o(i.main) refers to timer.o(i.Timer1_Init) for Timer1_Init
    main.o(i.main) refers to adc.o(i.ADC0_Init) for ADC0_Init
    main.o(i.main) refers to usart.o(i.Usart2_Init) for Usart2_Init
    main.o(i.main) refers to usart.o(i.Usart2_NVIC) for Usart2_NVIC
    main.o(i.main) refers to gpio.o(i.SD_Card_Init) for SD_Card_Init
    main.o(i.main) refers to spi.o(i.SD_SPI_Init) for SD_SPI_Init
    main.o(i.main) refers to systick.o(i.delay_1ms) for delay_1ms
    main.o(i.main) refers to strcmp.o(.text) for strcmp
    main.o(i.main) refers to instruction_set.o(i.Test) for Test
    main.o(i.main) refers to adc.o(i.ADC_Get_Value) for ADC_Get_Value
    main.o(i.main) refers to usart.o(.data) for rx_complete_flag
    main.o(i.main) refers to usart.o(.bss) for rx_buffer
    main.o(i.main) refers to timer.o(.data) for adc_capture_flag
    main.o(i.main) refers to main.o(.data) for Voltage
    systick.o(i.delay_1ms) refers to systick.o(.data) for delay
    systick.o(i.delay_decrement) refers to systick.o(.data) for delay
    systick.o(i.systick_config) refers to systick.o(i.NVIC_SetPriority) for NVIC_SetPriority
    systick.o(i.systick_config) refers to system_gd32f4xx.o(.data) for SystemCoreClock
    adc.o(i.ADC0_Init) refers to gd32f4xx_rcu.o(i.rcu_periph_clock_enable) for rcu_periph_clock_enable
    adc.o(i.ADC0_Init) refers to gd32f4xx_adc.o(i.adc_clock_config) for adc_clock_config
    adc.o(i.ADC0_Init) refers to gd32f4xx_gpio.o(i.gpio_mode_set) for gpio_mode_set
    adc.o(i.ADC0_Init) refers to gd32f4xx_adc.o(i.adc_deinit) for adc_deinit
    adc.o(i.ADC0_Init) refers to gd32f4xx_adc.o(i.adc_sync_mode_config) for adc_sync_mode_config
    adc.o(i.ADC0_Init) refers to gd32f4xx_adc.o(i.adc_special_function_config) for adc_special_function_config
    adc.o(i.ADC0_Init) refers to gd32f4xx_adc.o(i.adc_data_alignment_config) for adc_data_alignment_config
    adc.o(i.ADC0_Init) refers to gd32f4xx_adc.o(i.adc_resolution_config) for adc_resolution_config
    adc.o(i.ADC0_Init) refers to gd32f4xx_adc.o(i.adc_routine_channel_config) for adc_routine_channel_config
    adc.o(i.ADC0_Init) refers to gd32f4xx_adc.o(i.adc_channel_length_config) for adc_channel_length_config
    adc.o(i.ADC0_Init) refers to gd32f4xx_adc.o(i.adc_external_trigger_config) for adc_external_trigger_config
    adc.o(i.ADC0_Init) refers to gd32f4xx_adc.o(i.adc_enable) for adc_enable
    adc.o(i.ADC0_Init) refers to systick.o(i.delay_1ms) for delay_1ms
    adc.o(i.ADC0_Init) refers to gd32f4xx_adc.o(i.adc_calibration_enable) for adc_calibration_enable
    adc.o(i.ADC_Get_Value) refers to gd32f4xx_adc.o(i.adc_software_trigger_enable) for adc_software_trigger_enable
    adc.o(i.ADC_Get_Value) refers to gd32f4xx_adc.o(i.adc_flag_get) for adc_flag_get
    adc.o(i.ADC_Get_Value) refers to gd32f4xx_adc.o(i.adc_flag_clear) for adc_flag_clear
    adc.o(i.ADC_Get_Value) refers to gd32f4xx_adc.o(i.adc_routine_data_read) for adc_routine_data_read
    timer.o(i.TIMER1_IRQHandler) refers to gd32f4xx_timer.o(i.timer_interrupt_flag_get) for timer_interrupt_flag_get
    timer.o(i.TIMER1_IRQHandler) refers to gd32f4xx_timer.o(i.timer_interrupt_flag_clear) for timer_interrupt_flag_clear
    timer.o(i.TIMER1_IRQHandler) refers to gd32f4xx_gpio.o(i.gpio_output_bit_get) for gpio_output_bit_get
    timer.o(i.TIMER1_IRQHandler) refers to gd32f4xx_gpio.o(i.gpio_bit_reset) for gpio_bit_reset
    timer.o(i.TIMER1_IRQHandler) refers to gd32f4xx_gpio.o(i.gpio_bit_set) for gpio_bit_set
    timer.o(i.TIMER1_IRQHandler) refers to timer.o(.data) for TIM1_COUNT
    timer.o(i.Timer1_Init) refers to gd32f4xx_rcu.o(i.rcu_periph_clock_enable) for rcu_periph_clock_enable
    timer.o(i.Timer1_Init) refers to gd32f4xx_rcu.o(i.rcu_timer_clock_prescaler_config) for rcu_timer_clock_prescaler_config
    timer.o(i.Timer1_Init) refers to gd32f4xx_timer.o(i.timer_struct_para_init) for timer_struct_para_init
    timer.o(i.Timer1_Init) refers to gd32f4xx_timer.o(i.timer_deinit) for timer_deinit
    timer.o(i.Timer1_Init) refers to gd32f4xx_timer.o(i.timer_init) for timer_init
    timer.o(i.Timer1_Init) refers to gd32f4xx_timer.o(i.timer_auto_reload_shadow_enable) for timer_auto_reload_shadow_enable
    timer.o(i.Timer1_Init) refers to gd32f4xx_timer.o(i.timer_interrupt_enable) for timer_interrupt_enable
    timer.o(i.Timer1_Init) refers to gd32f4xx_misc.o(i.nvic_irq_enable) for nvic_irq_enable
[...]
    Removing gd32f4xx_rtc.o(i.rtc_alarm_subsecond_config), (52 bytes).
    Removing gd32f4xx_rtc.o(i.rtc_alarm_subsecond_get), (32 bytes).
    Removing gd32f4xx_rtc.o(i.rtc_bypass_shadow_disable), (40 bytes).
    Removing gd32f4xx_rtc.o(i.rtc_bypass_shadow_enable), (40 bytes).
    Removing gd32f4xx_rtc.o(i.rtc_calibration_output_config), (48 bytes).
    Removing gd32f4xx_rtc.o(i.rtc_coarse_calibration_config), (116 bytes).
    Removing gd32f4xx_rtc.o(i.rtc_coarse_calibration_disable), (56 bytes).
    Removing gd32f4xx_rtc.o(i.rtc_coarse_calibration_enable), (56 bytes).
    Removing gd32f4xx_rtc.o(i.rtc_current_time_get), (100 bytes).
    Removing gd32f4xx_rtc.o(i.rtc_deinit), (204 bytes).
    Removing gd32f4xx_rtc.o(i.rtc_flag_clear), (16 bytes).
    Removing gd32f4xx_rtc.o(i.rtc_flag_get), (20 bytes).
    Removing gd32f4xx_rtc.o(i.rtc_hour_adjust), (36 bytes).
    Removing gd32f4xx_rtc.o(i.rtc_init), (196 bytes).
    Removing gd32f4xx_rtc.o(i.rtc_init_mode_enter), (72 bytes).
    Removing gd32f4xx_rtc.o(i.rtc_init_mode_exit), (20 bytes).
    Removing gd32f4xx_rtc.o(i.rtc_interrupt_disable), (60 bytes).
    Removing gd32f4xx_rtc.o(i.rtc_interrupt_enable), (60 bytes).
    Removing gd32f4xx_rtc.o(i.rtc_refclock_detection_disable), (56 bytes).
    Removing gd32f4xx_rtc.o(i.rtc_refclock_detection_enable), (56 bytes).
    Removing gd32f4xx_rtc.o(i.rtc_register_sync_wait), (96 bytes).
    Removing gd32f4xx_rtc.o(i.rtc_second_adjust), (108 bytes).
    Removing gd32f4xx_rtc.o(i.rtc_smooth_calibration_config), (80 bytes).
    Removing gd32f4xx_rtc.o(i.rtc_subsecond_get), (20 bytes).
    Removing gd32f4xx_rtc.o(i.rtc_tamper0_pin_map), (28 bytes).
    Removing gd32f4xx_rtc.o(i.rtc_tamper_disable), (16 bytes).
    Removing gd32f4xx_rtc.o(i.rtc_tamper_enable), (200 bytes).
    Removing gd32f4xx_rtc.o(i.rtc_timestamp_disable), (40 bytes).
    Removing gd32f4xx_rtc.o(i.rtc_timestamp_enable), (48 bytes).
    Removing gd32f4xx_rtc.o(i.rtc_timestamp_get), (60 bytes).
    Removing gd32f4xx_rtc.o(i.rtc_timestamp_pin_map), (28 bytes).
    Removing gd32f4xx_rtc.o(i.rtc_timestamp_subsecond_get), (12 bytes).
    Removing gd32f4xx_rtc.o(i.rtc_wakeup_clock_set), (92 bytes).
    Removing gd32f4xx_rtc.o(i.rtc_wakeup_disable), (84 bytes).
    Removing gd32f4xx_rtc.o(i.rtc_wakeup_enable), (40 bytes).
    Removing gd32f4xx_rtc.o(i.rtc_wakeup_timer_get), (12 bytes).
    Removing gd32f4xx_rtc.o(i.rtc_wakeup_timer_set), (76 bytes).
    Removing gd32f4xx_sdio.o(.rev16_text), (4 bytes).
    Removing gd32f4xx_sdio.o(.revsh_text), (4 bytes).
    Removing gd32f4xx_sdio.o(i.sdio_bus_mode_set), (28 bytes).
    Removing gd32f4xx_sdio.o(i.sdio_ceata_command_completion_disable), (20 bytes).
    Removing gd32f4xx_sdio.o(i.sdio_ceata_command_completion_enable), (20 bytes).
    Removing gd32f4xx_sdio.o(i.sdio_ceata_command_disable), (20 bytes).
    Removing gd32f4xx_sdio.o(i.sdio_ceata_command_enable), (20 bytes).
    Removing gd32f4xx_sdio.o(i.sdio_ceata_interrupt_disable), (20 bytes).
    Removing gd32f4xx_sdio.o(i.sdio_ceata_interrupt_enable), (20 bytes).
    Removing gd32f4xx_sdio.o(i.sdio_clock_config), (52 bytes).
    Removing gd32f4xx_sdio.o(i.sdio_clock_disable), (20 bytes).
    Removing gd32f4xx_sdio.o(i.sdio_clock_enable), (20 bytes).
    Removing gd32f4xx_sdio.o(i.sdio_command_index_get), (12 bytes).
    Removing gd32f4xx_sdio.o(i.sdio_command_response_config), (56 bytes).
    Removing gd32f4xx_sdio.o(i.sdio_csm_disable), (20 bytes).
    Removing gd32f4xx_sdio.o(i.sdio_csm_enable), (20 bytes).
    Removing gd32f4xx_sdio.o(i.sdio_data_config), (60 bytes).
    Removing gd32f4xx_sdio.o(i.sdio_data_counter_get), (12 bytes).
    Removing gd32f4xx_sdio.o(i.sdio_data_read), (12 bytes).
    Removing gd32f4xx_sdio.o(i.sdio_data_transfer_config), (28 bytes).
    Removing gd32f4xx_sdio.o(i.sdio_data_write), (12 bytes).
    Removing gd32f4xx_sdio.o(i.sdio_deinit), (20 bytes).
    Removing gd32f4xx_sdio.o(i.sdio_dma_disable), (20 bytes).
    Removing gd32f4xx_sdio.o(i.sdio_dma_enable), (20 bytes).
    Removing gd32f4xx_sdio.o(i.sdio_dsm_disable), (20 bytes).
    Removing gd32f4xx_sdio.o(i.sdio_dsm_enable), (20 bytes).
    Removing gd32f4xx_sdio.o(i.sdio_fifo_counter_get), (12 bytes).
    Removing gd32f4xx_sdio.o(i.sdio_flag_clear), (12 bytes).
    Removing gd32f4xx_sdio.o(i.sdio_flag_get), (20 bytes).
    Removing gd32f4xx_sdio.o(i.sdio_hardware_clock_disable), (20 bytes).
    Removing gd32f4xx_sdio.o(i.sdio_hardware_clock_enable), (20 bytes).
    Removing gd32f4xx_sdio.o(i.sdio_interrupt_disable), (16 bytes).
    Removing gd32f4xx_sdio.o(i.sdio_interrupt_enable), (16 bytes).
    Removing gd32f4xx_sdio.o(i.sdio_interrupt_flag_clear), (12 bytes).
    Removing gd32f4xx_sdio.o(i.sdio_interrupt_flag_get), (20 bytes).
    Removing gd32f4xx_sdio.o(i.sdio_operation_disable), (20 bytes).
    Removing gd32f4xx_sdio.o(i.sdio_operation_enable), (20 bytes).
    Removing gd32f4xx_sdio.o(i.sdio_power_state_get), (12 bytes).
    Removing gd32f4xx_sdio.o(i.sdio_power_state_set), (12 bytes).
    Removing gd32f4xx_sdio.o(i.sdio_readwait_disable), (20 bytes).
    Removing gd32f4xx_sdio.o(i.sdio_readwait_enable), (20 bytes).
    Removing gd32f4xx_sdio.o(i.sdio_readwait_type_set), (40 bytes).
    Removing gd32f4xx_sdio.o(i.sdio_response_get), (60 bytes).
    Removing gd32f4xx_sdio.o(i.sdio_stop_readwait_disable), (20 bytes).
    Removing gd32f4xx_sdio.o(i.sdio_stop_readwait_enable), (20 bytes).
    Removing gd32f4xx_sdio.o(i.sdio_suspend_disable), (20 bytes).
    Removing gd32f4xx_sdio.o(i.sdio_suspend_enable), (20 bytes).
    Removing gd32f4xx_sdio.o(i.sdio_wait_type_set), (28 bytes).
    Removing gd32f4xx_spi.o(.rev16_text), (4 bytes).
    Removing gd32f4xx_spi.o(.revsh_text), (4 bytes).
    Removing gd32f4xx_spi.o(i.i2s_disable), (10 bytes).
    Removing gd32f4xx_spi.o(i.i2s_enable), (10 bytes).
    Removing gd32f4xx_spi.o(i.i2s_full_duplex_mode_config), (48 bytes).
    Removing gd32f4xx_spi.o(i.i2s_init), (28 bytes).
    Removing gd32f4xx_spi.o(i.i2s_psc_config), (292 bytes).
    Removing gd32f4xx_spi.o(i.spi_bidirectional_transfer_config), (26 bytes).
    Removing gd32f4xx_spi.o(i.spi_crc_error_clear), (8 bytes).
    Removing gd32f4xx_spi.o(i.spi_crc_get), (16 bytes).
    Removing gd32f4xx_spi.o(i.spi_crc_next), (10 bytes).
    Removing gd32f4xx_spi.o(i.spi_crc_off), (10 bytes).
    Removing gd32f4xx_spi.o(i.spi_crc_on), (10 bytes).
    Removing gd32f4xx_spi.o(i.spi_crc_polynomial_get), (8 bytes).
    Removing gd32f4xx_spi.o(i.spi_crc_polynomial_set), (4 bytes).
    Removing gd32f4xx_spi.o(i.spi_disable), (10 bytes).
    Removing gd32f4xx_spi.o(i.spi_dma_disable), (22 bytes).
    Removing gd32f4xx_spi.o(i.spi_dma_enable), (22 bytes).
    Removing gd32f4xx_spi.o(i.spi_i2s_data_frame_format_config), (16 bytes).
    Removing gd32f4xx_spi.o(i.spi_i2s_format_error_clear), (6 bytes).
    Removing gd32f4xx_spi.o(i.spi_i2s_interrupt_disable), (48 bytes).
    Removing gd32f4xx_spi.o(i.spi_i2s_interrupt_enable), (48 bytes).
    Removing gd32f4xx_spi.o(i.spi_i2s_interrupt_flag_get), (112 bytes).
    Removing gd32f4xx_spi.o(i.spi_nss_internal_high), (10 bytes).
    Removing gd32f4xx_spi.o(i.spi_nss_internal_low), (10 bytes).
    Removing gd32f4xx_spi.o(i.spi_nss_output_disable), (10 bytes).
    Removing gd32f4xx_spi.o(i.spi_nss_output_enable), (10 bytes).
    Removing gd32f4xx_spi.o(i.spi_quad_disable), (14 bytes).
    Removing gd32f4xx_spi.o(i.spi_quad_enable), (14 bytes).
    Removing gd32f4xx_spi.o(i.spi_quad_io23_output_disable), (14 bytes).
    Removing gd32f4xx_spi.o(i.spi_quad_io23_output_enable), (14 bytes).
    Removing gd32f4xx_spi.o(i.spi_quad_read_enable), (14 bytes).
    Removing gd32f4xx_spi.o(i.spi_quad_write_enable), (14 bytes).
    Removing gd32f4xx_spi.o(i.spi_struct_para_init), (18 bytes).
    Removing gd32f4xx_spi.o(i.spi_ti_mode_disable), (10 bytes).
    Removing gd32f4xx_spi.o(i.spi_ti_mode_enable), (10 bytes).
    Removing gd32f4xx_syscfg.o(.rev16_text), (4 bytes).
    Removing gd32f4xx_syscfg.o(.revsh_text), (4 bytes).
    Removing gd32f4xx_syscfg.o(i.syscfg_bootmode_config), (28 bytes).
    Removing gd32f4xx_syscfg.o(i.syscfg_compensation_config), (24 bytes).
    Removing gd32f4xx_syscfg.o(i.syscfg_deinit), (20 bytes).
    Removing gd32f4xx_syscfg.o(i.syscfg_enet_phy_interface_config), (24 bytes).
    Removing gd32f4xx_syscfg.o(i.syscfg_exmc_swap_config), (24 bytes).
    Removing gd32f4xx_syscfg.o(i.syscfg_exti_line_config), (172 bytes).
    Removing gd32f4xx_syscfg.o(i.syscfg_flag_get), (24 bytes).
    Removing gd32f4xx_syscfg.o(i.syscfg_fmc_swap_config), (24 bytes).
    Removing gd32f4xx_timer.o(.rev16_text), (4 bytes).
    Removing gd32f4xx_timer.o(.revsh_text), (4 bytes).
    Removing gd32f4xx_timer.o(i.timer_auto_reload_shadow_disable), (10 bytes).
    Removing gd32f4xx_timer.o(i.timer_automatic_output_disable), (10 bytes).
    Removing gd32f4xx_timer.o(i.timer_automatic_output_enable), (10 bytes).
    Removing gd32f4xx_timer.o(i.timer_autoreload_value_config), (4 bytes).
    Removing gd32f4xx_timer.o(i.timer_break_config), (30 bytes).
    Removing gd32f4xx_timer.o(i.timer_break_disable), (10 bytes).
    Removing gd32f4xx_timer.o(i.timer_break_enable), (10 bytes).
    Removing gd32f4xx_timer.o(i.timer_break_struct_para_init), (18 bytes).
    Removing gd32f4xx_timer.o(i.timer_channel_capture_value_register_read), (42 bytes).
    Removing gd32f4xx_timer.o(i.timer_channel_complementary_output_polarity_config), (70 bytes).
    Removing gd32f4xx_timer.o(i.timer_channel_complementary_output_state_config), (70 bytes).
    Removing gd32f4xx_timer.o(i.timer_channel_control_shadow_config), (24 bytes).
    Removing gd32f4xx_timer.o(i.timer_channel_control_shadow_update_config), (26 bytes).
    Removing gd32f4xx_timer.o(i.timer_channel_dma_request_source_select), (26 bytes).
    Removing gd32f4xx_timer.o(i.timer_channel_input_capture_prescaler_config), (90 bytes).
    Removing gd32f4xx_timer.o(i.timer_channel_input_struct_para_init), (16 bytes).
    Removing gd32f4xx_timer.o(i.timer_channel_output_clear_config), (90 bytes).
    Removing gd32f4xx_timer.o(i.timer_channel_output_config), (492 bytes).
    Removing gd32f4xx_timer.o(i.timer_channel_output_fast_config), (90 bytes).
    Removing gd32f4xx_timer.o(i.timer_channel_output_mode_config), (90 bytes).
    Removing gd32f4xx_timer.o(i.timer_channel_output_polarity_config), (92 bytes).
    Removing gd32f4xx_timer.o(i.timer_channel_output_pulse_value_config), (38 bytes).
    Removing gd32f4xx_timer.o(i.timer_channel_output_shadow_config), (90 bytes).
    Removing gd32f4xx_timer.o(i.timer_channel_output_state_config), (92 bytes).
    Removing gd32f4xx_timer.o(i.timer_channel_output_struct_para_init), (16 bytes).
    Removing gd32f4xx_timer.o(i.timer_channel_remap_config), (4 bytes).
    Removing gd32f4xx_timer.o(i.timer_counter_alignment), (16 bytes).
    Removing gd32f4xx_timer.o(i.timer_counter_down_direction), (10 bytes).
    Removing gd32f4xx_timer.o(i.timer_counter_read), (8 bytes).
    Removing gd32f4xx_timer.o(i.timer_counter_up_direction), (10 bytes).
    Removing gd32f4xx_timer.o(i.timer_counter_value_config), (4 bytes).
    Removing gd32f4xx_timer.o(i.timer_disable), (10 bytes).
    Removing gd32f4xx_timer.o(i.timer_dma_disable), (8 bytes).
    Removing gd32f4xx_timer.o(i.timer_dma_enable), (8 bytes).
    Removing gd32f4xx_timer.o(i.timer_dma_transfer_config), (24 bytes).
    Removing gd32f4xx_timer.o(i.timer_event_software_generate), (8 bytes).
    Removing gd32f4xx_timer.o(i.timer_external_clock_mode0_config), (40 bytes).
    Removing gd32f4xx_timer.o(i.timer_external_clock_mode1_config), (32 bytes).
    Removing gd32f4xx_timer.o(i.timer_external_clock_mode1_disable), (10 bytes).
    Removing gd32f4xx_timer.o(i.timer_external_trigger_as_external_clock_config), (166 bytes).
    Removing gd32f4xx_timer.o(i.timer_external_trigger_config), (30 bytes).
    Removing gd32f4xx_timer.o(i.timer_flag_clear), (6 bytes).
    Removing gd32f4xx_timer.o(i.timer_flag_get), (16 bytes).
    Removing gd32f4xx_timer.o(i.timer_hall_mode_config), (26 bytes).
    Removing gd32f4xx_timer.o(i.timer_input_capture_config), (326 bytes).
    Removing gd32f4xx_timer.o(i.timer_input_pwm_capture_config), (356 bytes).
    Removing gd32f4xx_timer.o(i.timer_input_trigger_source_select), (16 bytes).
    Removing gd32f4xx_timer.o(i.timer_internal_clock_config), (10 bytes).
    Removing gd32f4xx_timer.o(i.timer_internal_trigger_as_external_clock_config), (32 bytes).
    Removing gd32f4xx_timer.o(i.timer_interrupt_disable), (8 bytes).
    Removing gd32f4xx_timer.o(i.timer_master_output_trigger_source_select), (16 bytes).
    Removing gd32f4xx_timer.o(i.timer_master_slave_mode_config), (26 bytes).
    Removing gd32f4xx_timer.o(i.timer_output_value_selection_config), (34 bytes).
    Removing gd32f4xx_timer.o(i.timer_prescaler_config), (14 bytes).
    Removing gd32f4xx_timer.o(i.timer_prescaler_read), (10 bytes).
    Removing gd32f4xx_timer.o(i.timer_primary_output_config), (24 bytes).
    Removing gd32f4xx_timer.o(i.timer_quadrature_decoder_mode_config), (64 bytes).
    Removing gd32f4xx_timer.o(i.timer_repetition_value_config), (4 bytes).
    Removing gd32f4xx_timer.o(i.timer_single_pulse_mode_config), (26 bytes).
    Removing gd32f4xx_timer.o(i.timer_slave_mode_select), (16 bytes).
    Removing gd32f4xx_timer.o(i.timer_update_event_disable), (10 bytes).
    Removing gd32f4xx_timer.o(i.timer_update_event_enable), (10 bytes).
    Removing gd32f4xx_timer.o(i.timer_update_source_config), (26 bytes).
    Removing gd32f4xx_timer.o(i.timer_write_chxval_register_config), (34 bytes).
    Removing gd32f4xx_tli.o(.rev16_text), (4 bytes).
    Removing gd32f4xx_tli.o(.revsh_text), (4 bytes).
    Removing gd32f4xx_tli.o(i.tli_color_key_disable), (14 bytes).
    Removing gd32f4xx_tli.o(i.tli_color_key_enable), (14 bytes).
    Removing gd32f4xx_tli.o(i.tli_color_key_init), (16 bytes).
    Removing gd32f4xx_tli.o(i.tli_current_pos_get), (12 bytes).
    Removing gd32f4xx_tli.o(i.tli_deinit), (20 bytes).
    Removing gd32f4xx_tli.o(i.tli_disable), (20 bytes).
    Removing gd32f4xx_tli.o(i.tli_dither_config), (36 bytes).
    Removing gd32f4xx_tli.o(i.tli_enable), (20 bytes).
    Removing gd32f4xx_tli.o(i.tli_flag_get), (36 bytes).
    Removing gd32f4xx_tli.o(i.tli_init), (188 bytes).
    Removing gd32f4xx_tli.o(i.tli_interrupt_disable), (16 bytes).
    Removing gd32f4xx_tli.o(i.tli_interrupt_enable), (16 bytes).
    Removing gd32f4xx_tli.o(i.tli_interrupt_flag_clear), (16 bytes).
    Removing gd32f4xx_tli.o(i.tli_interrupt_flag_get), (36 bytes).
    Removing gd32f4xx_tli.o(i.tli_layer_disable), (14 bytes).
    Removing gd32f4xx_tli.o(i.tli_layer_enable), (14 bytes).
    Removing gd32f4xx_tli.o(i.tli_layer_init), (152 bytes).
    Removing gd32f4xx_tli.o(i.tli_layer_struct_para_init), (48 bytes).
    Removing gd32f4xx_tli.o(i.tli_layer_window_offset_modify), (228 bytes).
    Removing gd32f4xx_tli.o(i.tli_line_mark_set), (24 bytes).
    Removing gd32f4xx_tli.o(i.tli_lut_disable), (14 bytes).
    Removing gd32f4xx_tli.o(i.tli_lut_enable), (14 bytes).
    Removing gd32f4xx_tli.o(i.tli_lut_init), (28 bytes).
    Removing gd32f4xx_tli.o(i.tli_lut_struct_para_init), (12 bytes).
    Removing gd32f4xx_tli.o(i.tli_reload_config), (36 bytes).
    Removing gd32f4xx_tli.o(i.tli_struct_para_init), (34 bytes).
    Removing gd32f4xx_trng.o(.rev16_text), (4 bytes).
    Removing gd32f4xx_trng.o(.revsh_text), (4 bytes).
    Removing gd32f4xx_trng.o(i.trng_deinit), (20 bytes).
    Removing gd32f4xx_trng.o(i.trng_disable), (20 bytes).
    Removing gd32f4xx_trng.o(i.trng_enable), (20 bytes).
    Removing gd32f4xx_trng.o(i.trng_flag_get), (24 bytes).
    Removing gd32f4xx_trng.o(i.trng_get_true_random_data), (12 bytes).
    Removing gd32f4xx_trng.o(i.trng_interrupt_disable), (20 bytes).
    Removing gd32f4xx_trng.o(i.trng_interrupt_enable), (20 bytes).
    Removing gd32f4xx_trng.o(i.trng_interrupt_flag_clear), (16 bytes).
    Removing gd32f4xx_trng.o(i.trng_interrupt_flag_get), (24 bytes).
    Removing gd32f4xx_usart.o(.rev16_text), (4 bytes).
    Removing gd32f4xx_usart.o(.revsh_text), (4 bytes).
    Removing gd32f4xx_usart.o(i.usart_address_config), (20 bytes).
    Removing gd32f4xx_usart.o(i.usart_block_length_config), (28 bytes).
    Removing gd32f4xx_usart.o(i.usart_break_frame_coherence_config), (24 bytes).
    Removing gd32f4xx_usart.o(i.usart_data_first_config), (20 bytes).
    Removing gd32f4xx_usart.o(i.usart_disable), (10 bytes).
    Removing gd32f4xx_usart.o(i.usart_dma_receive_config), (20 bytes).
    Removing gd32f4xx_usart.o(i.usart_dma_transmit_config), (20 bytes).
    Removing gd32f4xx_usart.o(i.usart_flag_clear), (52 bytes).
    Removing gd32f4xx_usart.o(i.usart_guard_time_config), (24 bytes).
    Removing gd32f4xx_usart.o(i.usart_halfduplex_disable), (10 bytes).
    Removing gd32f4xx_usart.o(i.usart_halfduplex_enable), (10 bytes).
    Removing gd32f4xx_usart.o(i.usart_hardware_flow_coherence_config), (24 bytes).
    Removing gd32f4xx_usart.o(i.usart_hardware_flow_cts_config), (20 bytes).
    Removing gd32f4xx_usart.o(i.usart_hardware_flow_rts_config), (20 bytes).
    Removing gd32f4xx_usart.o(i.usart_interrupt_disable), (26 bytes).
    Removing gd32f4xx_usart.o(i.usart_interrupt_flag_clear), (26 bytes).
    Removing gd32f4xx_usart.o(i.usart_invert_config), (104 bytes).
    Removing gd32f4xx_usart.o(i.usart_irda_lowpower_config), (20 bytes).
    Removing gd32f4xx_usart.o(i.usart_irda_mode_disable), (10 bytes).
    Removing gd32f4xx_usart.o(i.usart_irda_mode_enable), (10 bytes).
    Removing gd32f4xx_usart.o(i.usart_lin_break_detection_length_config), (20 bytes).
    Removing gd32f4xx_usart.o(i.usart_lin_mode_disable), (10 bytes).
    Removing gd32f4xx_usart.o(i.usart_lin_mode_enable), (10 bytes).
    Removing gd32f4xx_usart.o(i.usart_mute_mode_disable), (10 bytes).
    Removing gd32f4xx_usart.o(i.usart_mute_mode_enable), (10 bytes).
    Removing gd32f4xx_usart.o(i.usart_mute_mode_wakeup_config), (16 bytes).
    Removing gd32f4xx_usart.o(i.usart_oversample_config), (16 bytes).
    Removing gd32f4xx_usart.o(i.usart_parity_check_coherence_config), (24 bytes).
    Removing gd32f4xx_usart.o(i.usart_prescaler_config), (16 bytes).
    Removing gd32f4xx_usart.o(i.usart_receiver_timeout_disable), (14 bytes).
    Removing gd32f4xx_usart.o(i.usart_receiver_timeout_enable), (14 bytes).
    Removing gd32f4xx_usart.o(i.usart_receiver_timeout_threshold_config), (20 bytes).
    Removing gd32f4xx_usart.o(i.usart_sample_bit_config), (16 bytes).
    Removing gd32f4xx_usart.o(i.usart_send_break), (10 bytes).
    Removing gd32f4xx_usart.o(i.usart_smartcard_autoretry_config), (26 bytes).
    Removing gd32f4xx_usart.o(i.usart_smartcard_mode_disable), (10 bytes).
    Removing gd32f4xx_usart.o(i.usart_smartcard_mode_enable), (10 bytes).
    Removing gd32f4xx_usart.o(i.usart_smartcard_mode_nack_disable), (10 bytes).
    Removing gd32f4xx_usart.o(i.usart_smartcard_mode_nack_enable), (10 bytes).
    Removing gd32f4xx_usart.o(i.usart_synchronous_clock_config), (34 bytes).
    Removing gd32f4xx_usart.o(i.usart_synchronous_clock_disable), (10 bytes).
    Removing gd32f4xx_usart.o(i.usart_synchronous_clock_enable), (10 bytes).
    Removing gd32f4xx_wwdgt.o(.rev16_text), (4 bytes).
    Removing gd32f4xx_wwdgt.o(.revsh_text), (4 bytes).
    Removing gd32f4xx_wwdgt.o(i.wwdgt_config), (28 bytes).
    Removing gd32f4xx_wwdgt.o(i.wwdgt_counter_update), (16 bytes).
    Removing gd32f4xx_wwdgt.o(i.wwdgt_deinit), (20 bytes).
    Removing gd32f4xx_wwdgt.o(i.wwdgt_enable), (20 bytes).
    Removing gd32f4xx_wwdgt.o(i.wwdgt_flag_clear), (12 bytes).
    Removing gd32f4xx_wwdgt.o(i.wwdgt_flag_get), (24 bytes).
    Removing gd32f4xx_wwdgt.o(i.wwdgt_interrupt_enable), (20 bytes).
    Removing system_gd32f4xx.o(.rev16_text), (4 bytes).
    Removing system_gd32f4xx.o(.revsh_text), (4 bytes).
    Removing system_gd32f4xx.o(i.SystemCoreClockUpdate), (272 bytes).
    Removing system_gd32f4xx.o(i.gd32f4xx_firmware_version_get), (6 bytes).
    Removing startup_gd32f450_470.o(HEAP), (1024 bytes).
    Removing dadd.o(.text), (334 bytes).
    Removing dmul.o(.text), (228 bytes).
    Removing ddiv.o(.text), (222 bytes).
    Removing dfixul.o(.text), (48 bytes).
    Removing cdrcmple.o(.text), (48 bytes).
    Removing depilogue.o(.text), (186 bytes).

882 unused section(s) (total 54114 bytes) removed from the image.

==============================================================================

Image Symbol Table

    Local Symbols

    Symbol Name                              Value     Ov Type        Size  Object(Section)

    ../clib/microlib/division.c              0x00000000   Number         0  uidiv.o ABSOLUTE
    ../clib/microlib/division.c              0x00000000   Number         0  uldiv.o ABSOLUTE
    ../clib/microlib/init/entry.s            0x00000000   Number         0  entry7a.o ABSOLUTE
    ../clib/microlib/init/entry.s            0x00000000   Number         0  entry9a.o ABSOLUTE
    ../clib/microlib/init/entry.s            0x00000000   Number         0  entry5.o ABSOLUTE
    ../clib/microlib/init/entry.s            0x00000000   Number         0  entry10a.o ABSOLUTE
    ../clib/microlib/init/entry.s            0x00000000   Number         0  entry.o ABSOLUTE
    ../clib/microlib/init/entry.s            0x00000000   Number         0  entry12b.o ABSOLUTE
    ../clib/microlib/init/entry.s            0x00000000   Number         0  entry7b.o ABSOLUTE
    ../clib/microlib/init/entry.s            0x00000000   Number         0  entry12a.o ABSOLUTE
    ../clib/microlib/init/entry.s            0x00000000   Number         0  entry2.o ABSOLUTE
    ../clib/microlib/init/entry.s            0x00000000   Number         0  entry9b.o ABSOLUTE
    ../clib/microlib/init/entry.s            0x00000000   Number         0  entry11b.o ABSOLUTE
    ../clib/microlib/init/entry.s            0x00000000   Number         0  entry8a.o ABSOLUTE
    ../clib/microlib/init/entry.s            0x00000000   Number         0  entry11a.o ABSOLUTE
    ../clib/microlib/init/entry.s            0x00000000   Number         0  entry8b.o ABSOLUTE
    ../clib/microlib/init/entry.s            0x00000000   Number         0  entry10b.o ABSOLUTE
    ../clib/microlib/longlong.c              0x00000000   Number         0  llsshr.o ABSOLUTE
    ../clib/microlib/longlong.c              0x00000000   Number         0  llushr.o ABSOLUTE
    ../clib/microlib/longlong.c              0x00000000   Number         0  llshl.o ABSOLUTE
    ../clib/microlib/printf/printf.c         0x00000000   Number         0  printf6.o ABSOLUTE
    ../clib/microlib/printf/printf.c         0x00000000   Number         0  printf7.o ABSOLUTE
    ../clib/microlib/printf/printf.c         0x00000000   Number         0  printf8.o ABSOLUTE
    ../clib/microlib/printf/printf.c         0x00000000   Number         0  printfa.o ABSOLUTE
    ../clib/microlib/printf/printf.c         0x00000000   Number         0  printf4.o ABSOLUTE
    ../clib/microlib/printf/printf.c         0x00000000   Number         0  printf3.o ABSOLUTE
    ../clib/microlib/printf/printf.c         0x00000000   Number         0  printf2.o ABSOLUTE
    ../clib/microlib/printf/printf.c         0x00000000   Number         0  printf1.o ABSOLUTE
    ../clib/microlib/printf/printf.c         0x00000000   Number         0  printf0.o ABSOLUTE
    ../clib/microlib/printf/printf.c         0x00000000   Number         0  printfb.o ABSOLUTE
    ../clib/microlib/printf/printf.c         0x00000000   Number         0  printf5.o ABSOLUTE
    ../clib/microlib/printf/stubs.s          0x00000000   Number         0  stubs.o ABSOLUTE
    ../clib/microlib/stdio/streams.c         0x00000000   Number         0  stdout.o ABSOLUTE
    ../clib/microlib/string/strcmp.c         0x00000000   Number         0  strcmp.o ABSOLUTE
    ../clib/microlib/stubs.s                 0x00000000   Number         0  iusefp.o ABSOLUTE
    ../fplib/microlib/fpadd.c                0x00000000   Number         0  dadd.o ABSOLUTE
    ../fplib/microlib/fpdiv.c                0x00000000   Number         0  ddiv.o ABSOLUTE
    ../fplib/microlib/fpepilogue.c           0x00000000   Number         0  depilogue.o ABSOLUTE
    ../fplib/microlib/fpfix.c                0x00000000   Number         0  dfixul.o ABSOLUTE
    ../fplib/microlib/fpmul.c                0x00000000   Number         0  dmul.o ABSOLUTE
    ..\APP\Instruction_set.c                 0x00000000   Number         0  instruction_set.o ABSOLUTE
    ..\Firmware\CMSIS\GD\GD32F4xx\Source\ARM\startup_gd32f450_470.s 0x00000000   Number         0  startup_gd32f450_470.o ABSOLUTE
    ..\Firmware\CMSIS\GD\GD32F4xx\Source\system_gd32f4xx.c 0x00000000   Number         0  system_gd32f4xx.o ABSOLUTE
    ..\Firmware\GD32F4xx_standard_peripheral\Source\gd32f4xx_adc.c 0x00000000   Number         0  gd32f4xx_adc.o ABSOLUTE
    ..\Firmware\GD32F4xx_standard_peripheral\Source\gd32f4xx_can.c 0x00000000   Number         0  gd32f4xx_can.o ABSOLUTE
    ..\Firmware\GD32F4xx_standard_peripheral\Source\gd32f4xx_crc.c 0x00000000   Number         0  gd32f4xx_crc.o ABSOLUTE
    ..\Firmware\GD32F4xx_standard_peripheral\Source\gd32f4xx_ctc.c 0x00000000   Number         0  gd32f4xx_ctc.o ABSOLUTE
    ..\Firmware\GD32F4xx_standard_peripheral\Source\gd32f4xx_dac.c 0x00000000   Number         0  gd32f4xx_dac.o ABSOLUTE
    ..\Firmware\GD32F4xx_standard_peripheral\Source\gd32f4xx_dbg.c 0x00000000   Number         0  gd32f4xx_dbg.o ABSOLUTE
    ..\Firmware\GD32F4xx_standard_peripheral\Source\gd32f4xx_dci.c 0x00000000   Number         0  gd32f4xx_dci.o ABSOLUTE
    ..\Firmware\GD32F4xx_standard_peripheral\Source\gd32f4xx_dma.c 0x00000000   Number         0  gd32f4xx_dma.o ABSOLUTE
    ..\Firmware\GD32F4xx_standard_peripheral\Source\gd32f4xx_enet.c 0x00000000   Number         0  gd32f4xx_enet.o ABSOLUTE
    ..\Firmware\GD32F4xx_standard_peripheral\Source\gd32f4xx_exmc.c 0x00000000   Number         0  gd32f4xx_exmc.o ABSOLUTE
    ..\Firmware\GD32F4xx_standard_peripheral\Source\gd32f4xx_exti.c 0x00000000   Number         0  gd32f4xx_exti.o ABSOLUTE
    ..\Firmware\GD32F4xx_standard_peripheral\Source\gd32f4xx_fmc.c 0x00000000   Number         0  gd32f4xx_fmc.o ABSOLUTE
    ..\Firmware\GD32F4xx_standard_peripheral\Source\gd32f4xx_fwdgt.c 0x00000000   Number         0  gd32f4xx_fwdgt.o ABSOLUTE
    ..\Firmware\GD32F4xx_standard_peripheral\Source\gd32f4xx_gpio.c 0x00000000   Number         0  gd32f4xx_gpio.o ABSOLUTE
    ..\Firmware\GD32F4xx_standard_peripheral\Source\gd32f4xx_i2c.c 0x00000000   Number         0  gd32f4xx_i2c.o ABSOLUTE
    ..\Firmware\GD32F4xx_standard_peripheral\Source\gd32f4xx_ipa.c 0x00000000   Number         0  gd32f4xx_ipa.o ABSOLUTE
    ..\Firmware\GD32F4xx_standard_peripheral\Source\gd32f4xx_iref.c 0x00000000   Number         0  gd32f4xx_iref.o ABSOLUTE
    ..\Firmware\GD32F4xx_standard_peripheral\Source\gd32f4xx_misc.c 0x00000000   Number         0  gd32f4xx_misc.o ABSOLUTE
    ..\Firmware\GD32F4xx_standard_peripheral\Source\gd32f4xx_pmu.c 0x00000000   Number         0  gd32f4xx_pmu.o ABSOLUTE
    ..\Firmware\GD32F4xx_standard_peripheral\Source\gd32f4xx_rcu.c 0x00000000   Number         0  gd32f4xx_rcu.o ABSOLUTE
    ..\Firmware\GD32F4xx_standard_peripheral\Source\gd32f4xx_rtc.c 0x00000000   Number         0  gd32f4xx_rtc.o ABSOLUTE
    ..\Firmware\GD32F4xx_standard_peripheral\Source\gd32f4xx_sdio.c 0x00000000   Number         0  gd32f4xx_sdio.o ABSOLUTE
    ..\Firmware\GD32F4xx_standard_peripheral\Source\gd32f4xx_spi.c 0x00000000   Number         0  gd32f4xx_spi.o ABSOLUTE
    ..\Firmware\GD32F4xx_standard_peripheral\Source\gd32f4xx_syscfg.c 0x00000000   Number         0  gd32f4xx_syscfg.o ABSOLUTE
    ..\Firmware\GD32F4xx_standard_peripheral\Source\gd32f4xx_timer.c 0x00000000   Number         0  gd32f4xx_timer.o ABSOLUTE
    ..\Firmware\GD32F4xx_standard_peripheral\Source\gd32f4xx_tli.c 0x00000000   Number         0  gd32f4xx_tli.o ABSOLUTE
    ..\Firmware\GD32F4xx_standard_peripheral\Source\gd32f4xx_trng.c 0x00000000   Number         0  gd32f4xx_trng.o ABSOLUTE
    ..\Firmware\GD32F4xx_standard_peripheral\Source\gd32f4xx_usart.c 0x00000000   Number         0  gd32f4xx_usart.o ABSOLUTE
    ..\Firmware\GD32F4xx_standard_peripheral\Source\gd32f4xx_wwdgt.c 0x00000000   Number         0  gd32f4xx_wwdgt.o ABSOLUTE
    ..\Hardware\ADC.c                        0x00000000   Number         0  adc.o ABSOLUTE
    ..\Hardware\SPI.c                        0x00000000   Number         0  spi.o ABSOLUTE
    ..\Hardware\gpio.c                       0x00000000   Number         0  gpio.o ABSOLUTE
    ..\Hardware\timer.c                      0x00000000   Number         0  timer.o ABSOLUTE
    ..\Hardware\usart.c                      0x00000000   Number         0  usart.o ABSOLUTE
    ..\User\gd32f4xx_it.c                    0x00000000   Number         0  gd32f4xx_it.o ABSOLUTE
    ..\User\main.c                           0x00000000   Number         0  main.o ABSOLUTE
    ..\User\systick.c                        0x00000000   Number         0  systick.o ABSOLUTE
    ..\\APP\\Instruction_set.c               0x00000000   Number         0  instruction_set.o ABSOLUTE
    ..\\Firmware\\CMSIS\\GD\\GD32F4xx\\Source\\system_gd32f4xx.c 0x00000000   Number         0  system_gd32f4xx.o ABSOLUTE
    ..\\Firmware\\GD32F4xx_standard_peripheral\\Source\\gd32f4xx_adc.c 0x00000000   Number         0  gd32f4xx_adc.o ABSOLUTE
    ..\\Firmware\\GD32F4xx_standard_peripheral\\Source\\gd32f4xx_can.c 0x00000000   Number         0  gd32f4xx_can.o ABSOLUTE
    ..\\Firmware\\GD32F4xx_standard_peripheral\\Source\\gd32f4xx_crc.c 0x00000000   Number         0  gd32f4xx_crc.o ABSOLUTE
    ..\\Firmware\\GD32F4xx_standard_peripheral\\Source\\gd32f4xx_ctc.c 0x00000000   Number         0  gd32f4xx_ctc.o ABSOLUTE
    ..\\Firmware\\GD32F4xx_standard_peripheral\\Source\\gd32f4xx_dac.c 0x00000000   Number         0  gd32f4xx_dac.o ABSOLUTE
    ..\\Firmware\\GD32F4xx_standard_peripheral\\Source\\gd32f4xx_dbg.c 0x00000000   Number         0  gd32f4xx_dbg.o ABSOLUTE
    ..\\Firmware\\GD32F4xx_standard_peripheral\\Source\\gd32f4xx_dci.c 0x00000000   Number         0  gd32f4xx_dci.o ABSOLUTE
    ..\\Firmware\\GD32F4xx_standard_peripheral\\Source\\gd32f4xx_dma.c 0x00000000   Number         0  gd32f4xx_dma.o ABSOLUTE
    ..\\Firmware\\GD32F4xx_standard_peripheral\\Source\\gd32f4xx_enet.c 0x00000000   Number         0  gd32f4xx_enet.o ABSOLUTE
    ..\\Firmware\\GD32F4xx_standard_peripheral\\Source\\gd32f4xx_exmc.c 0x00000000   Number         0  gd32f4xx_exmc.o ABSOLUTE
    ..\\Firmware\\GD32F4xx_standard_peripheral\\Source\\gd32f4xx_exti.c 0x00000000   Number         0  gd32f4xx_exti.o ABSOLUTE
    ..\\Firmware\\GD32F4xx_standard_peripheral\\Source\\gd32f4xx_fmc.c 0x00000000   Number         0  gd32f4xx_fmc.o ABSOLUTE
    ..\\Firmware\\GD32F4xx_standard_peripheral\\Source\\gd32f4xx_fwdgt.c 0x00000000   Number         0  gd32f4xx_fwdgt.o ABSOLUTE
    ..\\Firmware\\GD32F4xx_standard_peripheral\\Source\\gd32f4xx_gpio.c 0x00000000   Number         0  gd32f4xx_gpio.o ABSOLUTE
    ..\\Firmware\\GD32F4xx_standard_peripheral\\Source\\gd32f4xx_i2c.c 0x00000000   Number         0  gd32f4xx_i2c.o ABSOLUTE
    ..\\Firmware\\GD32F4xx_standard_peripheral\\Source\\gd32f4xx_ipa.c 0x00000000   Number         0  gd32f4xx_ipa.o ABSOLUTE
    ..\\Firmware\\GD32F4xx_standard_peripheral\\Source\\gd32f4xx_iref.c 0x00000000   Number         0  gd32f4xx_iref.o ABSOLUTE
    ..\\Firmware\\GD32F4xx_standard_peripheral\\Source\\gd32f4xx_misc.c 0x00000000   Number         0  gd32f4xx_misc.o ABSOLUTE
    ..\\Firmware\\GD32F4xx_standard_peripheral\\Source\\gd32f4xx_pmu.c 0x00000000   Number         0  gd32f4xx_pmu.o ABSOLUTE
    ..\\Firmware\\GD32F4xx_standard_peripheral\\Source\\gd32f4xx_rcu.c 0x00000000   Number         0  gd32f4xx_rcu.o ABSOLUTE
    ..\\Firmware\\GD32F4xx_standard_peripheral\\Source\\gd32f4xx_rtc.c 0x00000000   Number         0  gd32f4xx_rtc.o ABSOLUTE
    ..\\Firmware\\GD32F4xx_standard_peripheral\\Source\\gd32f4xx_sdio.c 0x00000000   Number         0  gd32f4xx_sdio.o ABSOLUTE
    ..\\Firmware\\GD32F4xx_standard_peripheral\\Source\\gd32f4xx_spi.c 0x00000000   Number         0  gd32f4xx_spi.o ABSOLUTE
    ..\\Firmware\\GD32F4xx_standard_peripheral\\Source\\gd32f4xx_syscfg.c 0x00000000   Number         0  gd32f4xx_syscfg.o ABSOLUTE
    ..\\Firmware\\GD32F4xx_standard_peripheral\\Source\\gd32f4xx_timer.c 0x00000000   Number         0  gd32f4xx_timer.o ABSOLUTE
    ..\\Firmware\\GD32F4xx_standard_peripheral\\Source\\gd32f4xx_tli.c 0x00000000   Number         0  gd32f4xx_tli.o ABSOLUTE
    ..\\Firmware\\GD32F4xx_standard_peripheral\\Source\\gd32f4xx_trng.c 0x00000000   Number         0  gd32f4xx_trng.o ABSOLUTE
    ..\\Firmware\\GD32F4xx_standard_peripheral\\Source\\gd32f4xx_usart.c 0x00000000   Number         0  gd32f4xx_usart.o ABSOLUTE
    ..\\Firmware\\GD32F4xx_standard_peripheral\\Source\\gd32f4xx_wwdgt.c 0x00000000   Number         0  gd32f4xx_wwdgt.o ABSOLUTE
    ..\\Hardware\\ADC.c                      0x00000000   Number         0  adc.o ABSOLUTE
    ..\\Hardware\\SPI.c                      0x00000000   Number         0  spi.o ABSOLUTE
    ..\\Hardware\\gpio.c                     0x00000000   Number         0  gpio.o ABSOLUTE
    ..\\Hardware\\timer.c                    0x00000000   Number         0  timer.o ABSOLUTE
    ..\\Hardware\\usart.c                    0x00000000   Number         0  usart.o ABSOLUTE
    ..\\User\\gd32f4xx_it.c                  0x00000000   Number         0  gd32f4xx_it.o ABSOLUTE
    ..\\User\\main.c                         0x00000000   Number         0  main.o ABSOLUTE
    ..\\User\\systick.c                      0x00000000   Number         0  systick.o ABSOLUTE
    cdrcmple.s                               0x00000000   Number         0  cdrcmple.o ABSOLUTE
    dc.s                                     0x00000000   Number         0  dc.o ABSOLUTE
    handlers.s                               0x00000000   Number         0  handlers.o ABSOLUTE
    init.s                                   0x00000000   Number         0  init.o ABSOLUTE
    RESET                                    0x08000000   Section      428  startup_gd32f450_470.o(RESET)
    .ARM.Collect$$$$00000000                 0x080001ac   Section        0  entry.o(.ARM.Collect$$$$00000000)
    .ARM.Collect$$$$00000001                 0x080001ac   Section        4  entry2.o(.ARM.Collect$$$$00000001)
    .ARM.Collect$$$$00000004                 0x080001b0   Section        4  entry5.o(.ARM.Collect$$$$00000004)
    .ARM.Collect$$$$00000008                 0x080001b4   Section        0  entry7b.o(.ARM.Collect$$$$00000008)
    .ARM.Collect$$$$0000000A                 0x080001b4   Section        0  entry8b.o(.ARM.Collect$$$$0000000A)
    .ARM.Collect$$$$0000000B                 0x080001b4   Section        8  entry9a.o(.ARM.Collect$$$$0000000B)
    .ARM.Collect$$$$0000000E                 0x080001bc   Section        4  entry12b.o(.ARM.Collect$$$$0000000E)
    .ARM.Collect$$$$0000000F                 0x080001c0   Section        0  entry10a.o(.ARM.Collect$$$$0000000F)
    .ARM.Collect$$$$00000011                 0x080001c0   Section        0  entry11a.o(.ARM.Collect$$$$00000011)
    .ARM.Collect$$$$00002712                 0x080001c0   Section        4  entry2.o(.ARM.Collect$$$$00002712)
    __lit__00000000                          0x080001c0   Data           4  entry2.o(.ARM.Collect$$$$00002712)
    .text                                    0x080001c4   Section       36  startup_gd32f450_470.o(.text)
    $v0                                      0x080001c4   Number         0  startup_gd32f450_470.o(.text)
    .text                                    0x080001e8   Section        0  strcmp.o(.text)
    .text                                    0x08000204   Section        0  uldiv.o(.text)
    .text                                    0x08000268   Section       36  init.o(.text)
    .text                                    0x0800028c   Section        0  llshl.o(.text)
    .text                                    0x080002aa   Section        0  llushr.o(.text)
    i.ADC0_Init                              0x080002cc   Section        0  adc.o(i.ADC0_Init)
    i.ADC_Get_Value                          0x08000360   Section        0  adc.o(i.ADC_Get_Value)
    i.BusFault_Handler                       0x0800038c   Section        0  gd32f4xx_it.o(i.BusFault_Handler)
    i.DebugMon_Handler                       0x08000390   Section        0  gd32f4xx_it.o(i.DebugMon_Handler)
    i.Flash_ReadID                           0x08000394   Section        0  gpio.o(i.Flash_ReadID)
    i.HardFault_Handler                      0x080003f0   Section        0  gd32f4xx_it.o(i.HardFault_Handler)
    i.MemManage_Handler                      0x080003f4   Section        0  gd32f4xx_it.o(i.MemManage_Handler)
    i.NMI_Handler                            0x080003f8   Section        0  gd32f4xx_it.o(i.NMI_Handler)
    i.NVIC_SetPriority                       0x080003fc   Section        0  systick.o(i.NVIC_SetPriority)
    NVIC_SetPriority                         0x080003fd   Thumb Code    32  systick.o(i.NVIC_SetPriority)
    i.PendSV_Handler                         0x08000424   Section        0  gd32f4xx_it.o(i.PendSV_Handler)
    i.SD_Card_Init                           0x08000428   Section        0  gpio.o(i.SD_Card_Init)
    i.SD_Is_Present                          0x08000444   Section        0  gpio.o(i.SD_Is_Present)
    i.SD_SPI_Init                            0x08000464   Section        0  spi.o(i.SD_SPI_Init)
    i.SPI_ReadWriteByte                      0x08000504   Section        0  spi.o(i.SPI_ReadWriteByte)
    i.SVC_Handler                            0x0800053c   Section        0  gd32f4xx_it.o(i.SVC_Handler)
    i.SysTick_Handler                        0x08000540   Section        0  gd32f4xx_it.o(i.SysTick_Handler)
    i.SystemInit                             0x08000548   Section        0  system_gd32f4xx.o(i.SystemInit)
    i.TIMER1_IRQHandler                      0x080006c4   Section        0  timer.o(i.TIMER1_IRQHandler)
    i.Test                                   0x08000748   Section        0  instruction_set.o(i.Test)
    i.Timer1_Init                            0x08000828   Section        0  timer.o(i.Timer1_Init)
    i.USART2_IRQHandler                      0x08000898   Section        0  usart.o(i.USART2_IRQHandler)
    i.UsageFault_Handler                     0x08000904   Section        0  gd32f4xx_it.o(i.UsageFault_Handler)
    i.Usart2_Init                            0x08000908   Section        0  usart.o(i.Usart2_Init)
    i.Usart2_NVIC                            0x0800099c   Section        0  usart.o(i.Usart2_NVIC)
    i.__0printf$8                            0x080009ac   Section        0  printf8.o(i.__0printf$8)
    i.__scatterload_copy                     0x080009cc   Section       14  handlers.o(i.__scatterload_copy)
    i.__scatterload_null                     0x080009da   Section        2  handlers.o(i.__scatterload_null)
    i.__scatterload_zeroinit                 0x080009dc   Section       14  handlers.o(i.__scatterload_zeroinit)
    i._printf_core                           0x080009ec   Section        0  printf8.o(i._printf_core)
    _printf_core                             0x080009ed   Thumb Code   984  printf8.o(i._printf_core)
    i._printf_post_padding                   0x08000df0   Section        0  printf8.o(i._printf_post_padding)
    _printf_post_padding                     0x08000df1   Thumb Code    36  printf8.o(i._printf_post_padding)
    i._printf_pre_padding                    0x08000e14   Section        0  printf8.o(i._printf_pre_padding)
    _printf_pre_padding                      0x08000e15   Thumb Code    46  printf8.o(i._printf_pre_padding)
    i._soft_delay_                           0x08000e42   Section        0  system_gd32f4xx.o(i._soft_delay_)
    _soft_delay_                             0x08000e43   Thumb Code    28  system_gd32f4xx.o(i._soft_delay_)
    i.adc_calibration_enable                 0x08000e5e   Section        0  gd32f4xx_adc.o(i.adc_calibration_enable)
    i.adc_channel_length_config              0x08000e88   Section        0  gd32f4xx_adc.o(i.adc_channel_length_config)
    i.adc_clock_config                       0x08000edc   Section        0  gd32f4xx_adc.o(i.adc_clock_config)
    i.adc_data_alignment_config              0x08000f00   Section        0  gd32f4xx_adc.o(i.adc_data_alignment_config)
    i.adc_deinit                             0x08000f16   Section        0  gd32f4xx_adc.o(i.adc_deinit)
    i.adc_enable                             0x08000f2a   Section        0  gd32f4xx_adc.o(i.adc_enable)
    i.adc_external_trigger_config            0x08000f3c   Section        0  gd32f4xx_adc.o(i.adc_external_trigger_config)
    i.adc_flag_clear                         0x08000f70   Section        0  gd32f4xx_adc.o(i.adc_flag_clear)
    i.adc_flag_get                           0x08000f78   Section        0  gd32f4xx_adc.o(i.adc_flag_get)
    i.adc_resolution_config                  0x08000f86   Section        0  gd32f4xx_adc.o(i.adc_resolution_config)
    i.adc_routine_channel_config             0x08000f96   Section        0  gd32f4xx_adc.o(i.adc_routine_channel_config)
    i.adc_routine_data_read                  0x08001042   Section        0  gd32f4xx_adc.o(i.adc_routine_data_read)
    i.adc_software_trigger_enable            0x0800104a   Section        0  gd32f4xx_adc.o(i.adc_software_trigger_enable)
    i.adc_special_function_config            0x0800106e   Section        0  gd32f4xx_adc.o(i.adc_special_function_config)
    i.adc_sync_mode_config                   0x080010c8   Section        0  gd32f4xx_adc.o(i.adc_sync_mode_config)
    i.delay_1ms                              0x080010ec   Section        0  systick.o(i.delay_1ms)
    i.delay_decrement                        0x08001100   Section        0  systick.o(i.delay_decrement)
    i.fputc                                  0x08001118   Section        0  usart.o(i.fputc)
    i.gpio_af_set                            0x0800113c   Section        0  gd32f4xx_gpio.o(i.gpio_af_set)
    i.gpio_bit_reset                         0x0800119a   Section        0  gd32f4xx_gpio.o(i.gpio_bit_reset)
    i.gpio_bit_set                           0x0800119e   Section        0  gd32f4xx_gpio.o(i.gpio_bit_set)
    i.gpio_input_bit_get                     0x080011a2   Section        0  gd32f4xx_gpio.o(i.gpio_input_bit_get)
    i.gpio_mode_set                          0x080011b2   Section        0  gd32f4xx_gpio.o(i.gpio_mode_set)
    i.gpio_output_bit_get                    0x08001200   Section        0  gd32f4xx_gpio.o(i.gpio_output_bit_get)
    i.gpio_output_options_set                0x08001210   Section        0  gd32f4xx_gpio.o(i.gpio_output_options_set)
    i.main                                   0x08001254   Section        0  main.o(i.main)
    i.nvic_irq_enable                        0x08001310   Section        0  gd32f4xx_misc.o(i.nvic_irq_enable)
    i.nvic_priority_group_set                0x080013d4   Section        0  gd32f4xx_misc.o(i.nvic_priority_group_set)
    i.nvic_vector_table_set                  0x080013e8   Section        0  gd32f4xx_misc.o(i.nvic_vector_table_set)
    i.rcu_clock_freq_get                     0x08001400   Section        0  gd32f4xx_rcu.o(i.rcu_clock_freq_get)
    i.rcu_periph_clock_enable                0x08001524   Section        0  gd32f4xx_rcu.o(i.rcu_periph_clock_enable)
    i.rcu_periph_reset_disable               0x08001548   Section        0  gd32f4xx_rcu.o(i.rcu_periph_reset_disable)
    i.rcu_periph_reset_enable                0x0800156c   Section        0  gd32f4xx_rcu.o(i.rcu_periph_reset_enable)
    i.rcu_timer_clock_prescaler_config       0x08001590   Section        0  gd32f4xx_rcu.o(i.rcu_timer_clock_prescaler_config)
    i.spi_enable                             0x080015b4   Section        0  gd32f4xx_spi.o(i.spi_enable)
    i.spi_i2s_data_receive                   0x080015be   Section        0  gd32f4xx_spi.o(i.spi_i2s_data_receive)
    i.spi_i2s_data_transmit                  0x080015c6   Section        0  gd32f4xx_spi.o(i.spi_i2s_data_transmit)
    i.spi_i2s_deinit                         0x080015cc   Section        0  gd32f4xx_spi.o(i.spi_i2s_deinit)
    i.spi_i2s_flag_get                       0x08001678   Section        0  gd32f4xx_spi.o(i.spi_i2s_flag_get)
    i.spi_init                               0x08001688   Section        0  gd32f4xx_spi.o(i.spi_init)
    i.system_clock_240m_25m_hxtal            0x080016bc   Section        0  system_gd32f4xx.o(i.system_clock_240m_25m_hxtal)
    system_clock_240m_25m_hxtal              0x080016bd   Thumb Code   258  system_gd32f4xx.o(i.system_clock_240m_25m_hxtal)
    i.system_clock_config                    0x080017cc   Section        0  system_gd32f4xx.o(i.system_clock_config)
    system_clock_config                      0x080017cd   Thumb Code     8  system_gd32f4xx.o(i.system_clock_config)
    i.systick_config                         0x080017d4   Section        0  systick.o(i.systick_config)
    i.timer_auto_reload_shadow_enable        0x08001824   Section        0  gd32f4xx_timer.o(i.timer_auto_reload_shadow_enable)
    i.timer_deinit                           0x08001830   Section        0  gd32f4xx_timer.o(i.timer_deinit)
    i.timer_enable                           0x080019b4   Section        0  gd32f4xx_timer.o(i.timer_enable)
    i.timer_init                             0x080019c0   Section        0  gd32f4xx_timer.o(i.timer_init)
    i.timer_interrupt_enable                 0x08001a58   Section        0  gd32f4xx_timer.o(i.timer_interrupt_enable)
    i.timer_interrupt_flag_clear             0x08001a60   Section        0  gd32f4xx_timer.o(i.timer_interrupt_flag_clear)
    i.timer_interrupt_flag_get               0x08001a66   Section        0  gd32f4xx_timer.o(i.timer_interrupt_flag_get)
    i.timer_struct_para_init                 0x08001a7e   Section        0  gd32f4xx_timer.o(i.timer_struct_para_init)
    i.usart_baudrate_set                     0x08001a94   Section        0  gd32f4xx_usart.o(i.usart_baudrate_set)
    i.usart_data_receive                     0x08001b7c   Section        0  gd32f4xx_usart.o(i.usart_data_receive)
    i.usart_data_transmit                    0x08001b86   Section        0  gd32f4xx_usart.o(i.usart_data_transmit)
    i.usart_deinit                           0x08001b90   Section        0  gd32f4xx_usart.o(i.usart_deinit)
    i.usart_enable                           0x08001c6c   Section        0  gd32f4xx_usart.o(i.usart_enable)
    i.usart_flag_get                         0x08001c76   Section        0  gd32f4xx_usart.o(i.usart_flag_get)
    i.usart_interrupt_enable                 0x08001c94   Section        0  gd32f4xx_usart.o(i.usart_interrupt_enable)
    i.usart_interrupt_flag_get               0x08001cae   Section        0  gd32f4xx_usart.o(i.usart_interrupt_flag_get)
    i.usart_parity_config                    0x08001ce6   Section        0  gd32f4xx_usart.o(i.usart_parity_config)
    i.usart_receive_config                   0x08001cf6   Section        0  gd32f4xx_usart.o(i.usart_receive_config)
    i.usart_stop_bit_set                     0x08001d06   Section        0  gd32f4xx_usart.o(i.usart_stop_bit_set)
    i.usart_transmit_config                  0x08001d16   Section        0  gd32f4xx_usart.o(i.usart_transmit_config)
    i.usart_word_length_set                  0x08001d26   Section        0  gd32f4xx_usart.o(i.usart_word_length_set)
    .data                                    0x20000000   Section        2  main.o(.data)
    .data                                    0x20000004   Section        4  systick.o(.data)
    delay                                    0x20000004   Data           4  systick.o(.data)
    .data                                    0x20000008   Section        5  timer.o(.data)
    .data                                    0x2000000d   Section        2  usart.o(.data)
    rx_index                                 0x2000000e   Data           1  usart.o(.data)
    .data                                    0x20000010   Section        4  system_gd32f4xx.o(.data)
    .data                                    0x20000014   Section        4  stdout.o(.data)
    .bss                                     0x20000018   Section      128  usart.o(.bss)
    STACK                                    0x20000098   Section     1024  startup_gd32f450_470.o(STACK)

    Global Symbols

    Symbol Name                              Value     Ov Type        Size  Object(Section)

    BuildAttributes$$THM_ISAv4$E$P$D$K$B$S$7EM$VFPi3$EXTD16$VFPS$VFMA$PE$A:L22UL41UL21$X:L11$S22US41US21$IEEE1$IW$USESV6$~STKCKD$USESV7$~SHL$OSPACE$ROPI$EBA8$MICROLIB$REQ8$PRES8$EABIv2 0x00000000   Number         0  anon$$obj.o ABSOLUTE
    __ARM_use_no_argv                        0x00000000   Number         0  main.o ABSOLUTE
    _printf_a                                0x00000000   Number         0  stubs.o ABSOLUTE
    _printf_c                                0x00000000   Number         0  stubs.o ABSOLUTE
    _printf_charcount                        0x00000000   Number         0  stubs.o ABSOLUTE
    _printf_d                                0x00000000   Number         0  stubs.o ABSOLUTE
    _printf_e                                0x00000000   Number         0  stubs.o ABSOLUTE
    _printf_f                                0x00000000   Number         0  stubs.o ABSOLUTE
    _printf_flags                            0x00000000   Number         0  stubs.o ABSOLUTE
    _printf_fp_dec                           0x00000000   Number         0  stubs.o ABSOLUTE
    _printf_fp_hex                           0x00000000   Number         0  stubs.o ABSOLUTE
    _printf_g                                0x00000000   Number         0  stubs.o ABSOLUTE
    _printf_i                                0x00000000   Number         0  stubs.o ABSOLUTE
    _printf_int_dec                          0x00000000   Number         0  stubs.o ABSOLUTE
    _printf_l                                0x00000000   Number         0  stubs.o ABSOLUTE
    _printf_lc                               0x00000000   Number         0  stubs.o ABSOLUTE
    _printf_ll                               0x00000000   Number         0  stubs.o ABSOLUTE
    _printf_lld                              0x00000000   Number         0  stubs.o ABSOLUTE
    _printf_lli                              0x00000000   Number         0  stubs.o ABSOLUTE
    _printf_llo                              0x00000000   Number         0  stubs.o ABSOLUTE
    _printf_llu                              0x00000000   Number         0  stubs.o ABSOLUTE
    _printf_llx                              0x00000000   Number         0  stubs.o ABSOLUTE
    _printf_longlong_dec                     0x00000000   Number         0  stubs.o ABSOLUTE
    _printf_longlong_hex                     0x00000000   Number         0  stubs.o ABSOLUTE
    _printf_longlong_oct                     0x00000000   Number         0  stubs.o ABSOLUTE
    _printf_ls                               0x00000000   Number         0  stubs.o ABSOLUTE
    _printf_mbtowc                           0x00000000   Number         0  stubs.o ABSOLUTE
    _printf_n                                0x00000000   Number         0  stubs.o ABSOLUTE
    _printf_o                                0x00000000   Number         0  stubs.o ABSOLUTE
    _printf_p                                0x00000000   Number         0  stubs.o ABSOLUTE
    _printf_percent                          0x00000000   Number         0  stubs.o ABSOLUTE
    _printf_pre_padding                      0x00000000   Number         0  stubs.o ABSOLUTE
    _printf_return_value                     0x00000000   Number         0  stubs.o ABSOLUTE
    _printf_s                                0x00000000   Number         0  stubs.o ABSOLUTE
    _printf_sizespec                         0x00000000   Number         0  stubs.o ABSOLUTE
    _printf_str                              0x00000000   Number         0  stubs.o ABSOLUTE
    _printf_truncate_signed                  0x00000000   Number         0  stubs.o ABSOLUTE
    _printf_truncate_unsigned                0x00000000   Number         0  stubs.o ABSOLUTE
    _printf_u                                0x00000000   Number         0  stubs.o ABSOLUTE
    _printf_wc                               0x00000000   Number         0  stubs.o ABSOLUTE
    _printf_wctomb                           0x00000000   Number         0  stubs.o ABSOLUTE
    _printf_widthprec                        0x00000000   Number         0  stubs.o ABSOLUTE
    _printf_x                                0x00000000   Number         0  stubs.o ABSOLUTE
    __arm_fini_                               - Undefined Weak Reference
    __cpp_initialize__aeabi_                  - Undefined Weak Reference
    __cxa_finalize                            - Undefined Weak Reference
    __decompress                              - Undefined Weak Reference
    _clock_init                               - Undefined Weak Reference
    _microlib_exit                            - Undefined Weak Reference
    __Vectors_Size                           0x000001ac   Number         0  startup_gd32f450_470.o ABSOLUTE
    __Vectors                                0x08000000   Data           4  startup_gd32f450_470.o(RESET)
    __Vectors_End                            0x080001ac   Data           0  startup_gd32f450_470.o(RESET)
    __main                                   0x080001ad   Thumb Code     0  entry.o(.ARM.Collect$$$$00000000)
    _main_stk                                0x080001ad   Thumb Code     0  entry2.o(.ARM.Collect$$$$00000001)
    _main_scatterload                        0x080001b1   Thumb Code     0  entry5.o(.ARM.Collect$$$$00000004)
    __main_after_scatterload                 0x080001b5   Thumb Code     0  entry5.o(.ARM.Collect$$$$00000004)
    _main_clock                              0x080001b5   Thumb Code     0  entry7b.o(.ARM.Collect$$$$00000008)
    _main_cpp_init                           0x080001b5   Thumb Code     0  entry8b.o(.ARM.Collect$$$$0000000A)
    _main_init                               0x080001b5   Thumb Code     0  entry9a.o(.ARM.Collect$$$$0000000B)
    __rt_lib_shutdown_fini                   0x080001bd   Thumb Code     0  entry12b.o(.ARM.Collect$$$$0000000E)
    __rt_final_cpp                           0x080001c1   Thumb Code     0  entry10a.o(.ARM.Collect$$$$0000000F)
    __rt_final_exit                          0x080001c1   Thumb Code     0  entry11a.o(.ARM.Collect$$$$00000011)
    Reset_Handler                            0x080001c5   Thumb Code     8  startup_gd32f450_470.o(.text)
    ADC_IRQHandler                           0x080001df   Thumb Code     0  startup_gd32f450_470.o(.text)
    CAN0_EWMC_IRQHandler                     0x080001df   Thumb Code     0  startup_gd32f450_470.o(.text)
    CAN0_RX0_IRQHandler                      0x080001df   Thumb Code     0  startup_gd32f450_470.o(.text)
    CAN0_RX1_IRQHandler                      0x080001df   Thumb Code     0  startup_gd32f450_470.o(.text)
    CAN0_TX_IRQHandler                       0x080001df   Thumb Code     0  startup_gd32f450_470.o(.text)
    CAN1_EWMC_IRQHandler                     0x080001df   Thumb Code     0  startup_gd32f450_470.o(.text)
    CAN1_RX0_IRQHandler                      0x080001df   Thumb Code     0  startup_gd32f450_470.o(.text)
    CAN1_RX1_IRQHandler                      0x080001df   Thumb Code     0  startup_gd32f450_470.o(.text)
    CAN1_TX_IRQHandler                       0x080001df   Thumb Code     0  startup_gd32f450_470.o(.text)
    DCI_IRQHandler                           0x080001df   Thumb Code     0  startup_gd32f450_470.o(.text)
    DMA0_Channel0_IRQHandler                 0x080001df   Thumb Code     0  startup_gd32f450_470.o(.text)
    DMA0_Channel1_IRQHandler                 0x080001df   Thumb Code     0  startup_gd32f450_470.o(.text)
    DMA0_Channel2_IRQHandler                 0x080001df   Thumb Code     0  startup_gd32f450_470.o(.text)
    DMA0_Channel3_IRQHandler                 0x080001df   Thumb Code     0  startup_gd32f450_470.o(.text)
    DMA0_Channel4_IRQHandler                 0x080001df   Thumb Code     0  startup_gd32f450_470.o(.text)
    DMA0_Channel5_IRQHandler                 0x080001df   Thumb Code     0  startup_gd32f450_470.o(.text)
    DMA0_Channel6_IRQHandler                 0x080001df   Thumb Code     0  startup_gd32f450_470.o(.text)
    DMA0_Channel7_IRQHandler                 0x080001df   Thumb Code     0  startup_gd32f450_470.o(.text)
    DMA1_Channel0_IRQHandler                 0x080001df   Thumb Code     0  startup_gd32f450_470.o(.text)
    DMA1_Channel1_IRQHandler                 0x080001df   Thumb Code     0  startup_gd32f450_470.o(.text)
    DMA1_Channel2_IRQHandler                 0x080001df   Thumb Code     0  startup_gd32f450_470.o(.text)
    DMA1_Channel3_IRQHandler                 0x080001df   Thumb Code     0  startup_gd32f450_470.o(.text)
    DMA1_Channel4_IRQHandler                 0x080001df   Thumb Code     0  startup_gd32f450_470.o(.text)
    DMA1_Channel5_IRQHandler                 0x080001df   Thumb Code     0  startup_gd32f450_470.o(.text)
    DMA1_Channel6_IRQHandler                 0x080001df   Thumb Code     0  startup_gd32f450_470.o(.text)
    DMA1_Channel7_IRQHandler                 0x080001df   Thumb Code     0  startup_gd32f450_470.o(.text)
    ENET_IRQHandler                          0x080001df   Thumb Code     0  startup_gd32f450_470.o(.text)
    ENET_WKUP_IRQHandler                     0x080001df   Thumb Code     0  startup_gd32f450_470.o(.text)
    EXMC_IRQHandler                          0x080001df   Thumb Code     0  startup_gd32f450_470.o(.text)
    EXTI0_IRQHandler                         0x080001df   Thumb Code     0  startup_gd32f450_470.o(.text)
    EXTI10_15_IRQHandler                     0x080001df   Thumb Code     0  startup_gd32f450_470.o(.text)
    EXTI1_IRQHandler                         0x080001df   Thumb Code     0  startup_gd32f450_470.o(.text)
    EXTI2_IRQHandler                         0x080001df   Thumb Code     0  startup_gd32f450_470.o(.text)
    EXTI3_IRQHandler                         0x080001df   Thumb Code     0  startup_gd32f450_470.o(.text)
    EXTI4_IRQHandler                         0x080001df   Thumb Code     0  startup_gd32f450_470.o(.text)
    EXTI5_9_IRQHandler                       0x080001df   Thumb Code     0  startup_gd32f450_470.o(.text)
    FMC_IRQHandler                           0x080001df   Thumb Code     0  startup_gd32f450_470.o(.text)
    FPU_IRQHandler                           0x080001df   Thumb Code     0  startup_gd32f450_470.o(.text)
    I2C0_ER_IRQHandler                       0x080001df   Thumb Code     0  startup_gd32f450_470.o(.text)
    I2C0_EV_IRQHandler                       0x080001df   Thumb Code     0  startup_gd32f450_470.o(.text)
    I2C1_ER_IRQHandler                       0x080001df   Thumb Code     0  startup_gd32f450_470.o(.text)
    I2C1_EV_IRQHandler                       0x080001df   Thumb Code     0  startup_gd32f450_470.o(.text)
    I2C2_ER_IRQHandler                       0x080001df   Thumb Code     0  startup_gd32f450_470.o(.text)
    I2C2_EV_IRQHandler                       0x080001df   Thumb Code     0  startup_gd32f450_470.o(.text)
    IPA_IRQHandler                           0x080001df   Thumb Code     0  startup_gd32f450_470.o(.text)
    LVD_IRQHandler                           0x080001df   Thumb Code     0  startup_gd32f450_470.o(.text)
    RCU_CTC_IRQHandler                       0x080001df   Thumb Code     0  startup_gd32f450_470.o(.text)
    RTC_Alarm_IRQHandler                     0x080001df   Thumb Code     0  startup_gd32f450_470.o(.text)
    RTC_WKUP_IRQHandler                      0x080001df   Thumb Code     0  startup_gd32f450_470.o(.text)
    SDIO_IRQHandler                          0x080001df   Thumb Code     0  startup_gd32f450_470.o(.text)
    SPI0_IRQHandler                          0x080001df   Thumb Code     0  startup_gd32f450_470.o(.text)
    SPI1_IRQHandler                          0x080001df   Thumb Code     0  startup_gd32f450_470.o(.text)
    SPI2_IRQHandler                          0x080001df   Thumb Code     0  startup_gd32f450_470.o(.text)
    SPI3_IRQHandler                          0x080001df   Thumb Code     0  startup_gd32f450_470.o(.text)
    SPI4_IRQHandler                          0x080001df   Thumb Code     0  startup_gd32f450_470.o(.text)
    SPI5_IRQHandler                          0x080001df   Thumb Code     0  startup_gd32f450_470.o(.text)
    TAMPER_STAMP_IRQHandler                  0x080001df   Thumb Code     0  startup_gd32f450_470.o(.text)
    TIMER0_BRK_TIMER8_IRQHandler             0x080001df   Thumb Code     0  startup_gd32f450_470.o(.text)
    TIMER0_Channel_IRQHandler                0x080001df   Thumb Code     0  startup_gd32f450_470.o(.text)
    TIMER0_TRG_CMT_TIMER10_IRQHandler        0x080001df   Thumb Code     0  startup_gd32f450_470.o(.text)
    TIMER0_UP_TIMER9_IRQHandler              0x080001df   Thumb Code     0  startup_gd32f450_470.o(.text)
    TIMER2_IRQHandler                        0x080001df   Thumb Code     0  startup_gd32f450_470.o(.text)
    TIMER3_IRQHandler                        0x080001df   Thumb Code     0  startup_gd32f450_470.o(.text)
    TIMER4_IRQHandler                        0x080001df   Thumb Code     0  startup_gd32f450_470.o(.text)
    TIMER5_DAC_IRQHandler                    0x080001df   Thumb Code     0  startup_gd32f450_470.o(.text)
    TIMER6_IRQHandler                        0x080001df   Thumb Code     0  startup_gd32f450_470.o(.text)
    TIMER7_BRK_TIMER11_IRQHandler            0x080001df   Thumb Code     0  startup_gd32f450_470.o(.text)
    TIMER7_Channel_IRQHandler                0x080001df   Thumb Code     0  startup_gd32f450_470.o(.text)
    TIMER7_TRG_CMT_TIMER13_IRQHandler        0x080001df   Thumb Code     0  startup_gd32f450_470.o(.text)
    TIMER7_UP_TIMER12_IRQHandler             0x080001df   Thumb Code     0  startup_gd32f450_470.o(.text)
    TLI_ER_IRQHandler                        0x080001df   Thumb Code     0  startup_gd32f450_470.o(.text)
    TLI_IRQHandler                           0x080001df   Thumb Code     0  startup_gd32f450_470.o(.text)
    TRNG_IRQHandler                          0x080001df   Thumb Code     0  startup_gd32f450_470.o(.text)
    UART3_IRQHandler                         0x080001df   Thumb Code     0  startup_gd32f450_470.o(.text)
    UART4_IRQHandler                         0x080001df   Thumb Code     0  startup_gd32f450_470.o(.text)
    UART6_IRQHandler                         0x080001df   Thumb Code     0  startup_gd32f450_470.o(.text)
    UART7_IRQHandler                         0x080001df   Thumb Code     0  startup_gd32f450_470.o(.text)
    USART0_IRQHandler                        0x080001df   Thumb Code     0  startup_gd32f450_470.o(.text)
    USART1_IRQHandler                        0x080001df   Thumb Code     0  startup_gd32f450_470.o(.text)
    USART5_IRQHandler                        0x080001df   Thumb Code     0  startup_gd32f450_470.o(.text)
    USBFS_IRQHandler                         0x080001df   Thumb Code     0  startup_gd32f450_470.o(.text)
    USBFS_WKUP_IRQHandler                    0x080001df   Thumb Code     0  startup_gd32f450_470.o(.text)
    USBHS_EP1_In_IRQHandler                  0x080001df   Thumb Code     0  startup_gd32f450_470.o(.text)
    USBHS_EP1_Out_IRQHandler                 0x080001df   Thumb Code     0  startup_gd32f450_470.o(.text)
    USBHS_IRQHandler                         0x080001df   Thumb Code     0  startup_gd32f450_470.o(.text)
    USBHS_WKUP_IRQHandler                    0x080001df   Thumb Code     0  startup_gd32f450_470.o(.text)
    WWDGT_IRQHandler                         0x080001df   Thumb Code     0  startup_gd32f450_470.o(.text)
    strcmp                                   0x080001e9   Thumb Code    28  strcmp.o(.text)
    __aeabi_uldivmod                         0x08000205   Thumb Code    98  uldiv.o(.text)
    __scatterload                            0x08000269   Thumb Code    28  init.o(.text)
    __scatterload_rt2                        0x08000269   Thumb Code     0  init.o(.text)
    __aeabi_llsl                             0x0800028d   Thumb Code    30  llshl.o(.text)
    _ll_shift_l                              0x0800028d   Thumb Code     0  llshl.o(.text)
    __aeabi_llsr                             0x080002ab   Thumb Code    32  llushr.o(.text)
    _ll_ushift_r                             0x080002ab   Thumb Code     0  llushr.o(.text)
    ADC0_Init                                0x080002cd   Thumb Code   138  adc.o(i.ADC0_Init)
    ADC_Get_Value                            0x08000361   Thumb Code    40  adc.o(i.ADC_Get_Value)
    BusFault_Handler                         0x0800038d   Thumb Code     4  gd32f4xx_it.o(i.BusFault_Handler)
    DebugMon_Handler                         0x08000391   Thumb Code     4  gd32f4xx_it.o(i.DebugMon_Handler)
    Flash_ReadID                             0x08000395   Thumb Code    86  gpio.o(i.Flash_ReadID)
    HardFault_Handler                        0x080003f1   Thumb Code     4  gd32f4xx_it.o(i.HardFault_Handler)
    MemManage_Handler                        0x080003f5   Thumb Code     4  gd32f4xx_it.o(i.MemManage_Handler)
    NMI_Handler                              0x080003f9   Thumb Code     4  gd32f4xx_it.o(i.NMI_Handler)
    PendSV_Handler                           0x08000425   Thumb Code     4  gd32f4xx_it.o(i.PendSV_Handler)
    SD_Card_Init                             0x08000429   Thumb Code    24  gpio.o(i.SD_Card_Init)
    SD_Is_Present                            0x08000445   Thumb Code    26  gpio.o(i.SD_Is_Present)
    SD_SPI_Init                              0x08000465   Thumb Code   152  spi.o(i.SD_SPI_Init)
    SPI_ReadWriteByte                        0x08000505   Thumb Code    50  spi.o(i.SPI_ReadWriteByte)
    SVC_Handler                              0x0800053d   Thumb Code     4  gd32f4xx_it.o(i.SVC_Handler)
    SysTick_Handler                          0x08000541   Thumb Code     8  gd32f4xx_it.o(i.SysTick_Handler)
    SystemInit                               0x08000549   Thumb Code   364  system_gd32f4xx.o(i.SystemInit)
    TIMER1_IRQHandler                        0x080006c5   Thumb Code   118  timer.o(i.TIMER1_IRQHandler)
    Test                                     0x08000749   Thumb Code    70  instruction_set.o(i.Test)
    Timer1_Init                              0x08000829   Thumb Code   110  timer.o(i.Timer1_Init)
    USART2_IRQHandler                        0x08000899   Thumb Code    86  usart.o(i.USART2_IRQHandler)
    UsageFault_Handler                       0x08000905   Thumb Code     4  gd32f4xx_it.o(i.UsageFault_Handler)
    Usart2_Init                              0x08000909   Thumb Code   140  usart.o(i.Usart2_Init)
    Usart2_NVIC                              0x0800099d   Thumb Code    14  usart.o(i.Usart2_NVIC)
    __0printf$8                              0x080009ad   Thumb Code    22  printf8.o(i.__0printf$8)
    __1printf$8                              0x080009ad   Thumb Code     0  printf8.o(i.__0printf$8)
    __2printf                                0x080009ad   Thumb Code     0  printf8.o(i.__0printf$8)
    __scatterload_copy                       0x080009cd   Thumb Code    14  handlers.o(i.__scatterload_copy)
    __scatterload_null                       0x080009db   Thumb Code     2  handlers.o(i.__scatterload_null)
    __scatterload_zeroinit                   0x080009dd   Thumb Code    14  handlers.o(i.__scatterload_zeroinit)
    adc_calibration_enable                   0x08000e5f   Thumb Code    42  gd32f4xx_adc.o(i.adc_calibration_enable)
    adc_channel_length_config                0x08000e89   Thumb Code    82  gd32f4xx_adc.o(i.adc_channel_length_config)
    adc_clock_config                         0x08000edd   Thumb Code    28  gd32f4xx_adc.o(i.adc_clock_config)
    adc_data_alignment_config                0x08000f01   Thumb Code    22  gd32f4xx_adc.o(i.adc_data_alignment_config)
    adc_deinit                               0x08000f17   Thumb Code    20  gd32f4xx_adc.o(i.adc_deinit)
    adc_enable                               0x08000f2b   Thumb Code    18  gd32f4xx_adc.o(i.adc_enable)
    adc_external_trigger_config              0x08000f3d   Thumb Code    52  gd32f4xx_adc.o(i.adc_external_trigger_config)
    adc_flag_clear                           0x08000f71   Thumb Code     8  gd32f4xx_adc.o(i.adc_flag_clear)
    adc_flag_get                             0x08000f79   Thumb Code    14  gd32f4xx_adc.o(i.adc_flag_get)
    adc_resolution_config                    0x08000f87   Thumb Code    16  gd32f4xx_adc.o(i.adc_resolution_config)
    adc_routine_channel_config               0x08000f97   Thumb Code   172  gd32f4xx_adc.o(i.adc_routine_channel_config)
    adc_routine_data_read                    0x08001043   Thumb Code     8  gd32f4xx_adc.o(i.adc_routine_data_read)
    adc_software_trigger_enable              0x0800104b   Thumb Code    36  gd32f4xx_adc.o(i.adc_software_trigger_enable)
    adc_special_function_config              0x0800106f   Thumb Code    90  gd32f4xx_adc.o(i.adc_special_function_config)
    adc_sync_mode_config                     0x080010c9   Thumb Code    28  gd32f4xx_adc.o(i.adc_sync_mode_config)
    delay_1ms                                0x080010ed   Thumb Code    16  systick.o(i.delay_1ms)
    delay_decrement                          0x08001101   Thumb Code    18  systick.o(i.delay_decrement)
    fputc                                    0x08001119   Thumb Code    32  usart.o(i.fputc)
    gpio_af_set                              0x0800113d   Thumb Code    94  gd32f4xx_gpio.o(i.gpio_af_set)
    gpio_bit_reset                           0x0800119b   Thumb Code     4  gd32f4xx_gpio.o(i.gpio_bit_reset)
    gpio_bit_set                             0x0800119f   Thumb Code     4  gd32f4xx_gpio.o(i.gpio_bit_set)
    gpio_input_bit_get                       0x080011a3   Thumb Code    16  gd32f4xx_gpio.o(i.gpio_input_bit_get)
    gpio_mode_set                            0x080011b3   Thumb Code    78  gd32f4xx_gpio.o(i.gpio_mode_set)
    gpio_output_bit_get                      0x08001201   Thumb Code    16  gd32f4xx_gpio.o(i.gpio_output_bit_get)
    gpio_output_options_set                  0x08001211   Thumb Code    66  gd32f4xx_gpio.o(i.gpio_output_options_set)
    main                                     0x08001255   Thumb Code   142  main.o(i.main)
    nvic_irq_enable                          0x08001311   Thumb Code   186  gd32f4xx_misc.o(i.nvic_irq_enable)
    nvic_priority_group_set                  0x080013d5   Thumb Code    10  gd32f4xx_misc.o(i.nvic_priority_group_set)
    nvic_vector_table_set                    0x080013e9   Thumb Code    16  gd32f4xx_misc.o(i.nvic_vector_table_set)
    rcu_clock_freq_get                       0x08001401   Thumb Code   264  gd32f4xx_rcu.o(i.rcu_clock_freq_get)
    rcu_periph_clock_enable                  0x08001525   Thumb Code    32  gd32f4xx_rcu.o(i.rcu_periph_clock_enable)
    rcu_periph_reset_disable                 0x08001549   Thumb Code    32  gd32f4xx_rcu.o(i.rcu_periph_reset_disable)
    rcu_periph_reset_enable                  0x0800156d   Thumb Code    32  gd32f4xx_rcu.o(i.rcu_periph_reset_enable)
    rcu_timer_clock_prescaler_config         0x08001591   Thumb Code    32  gd32f4xx_rcu.o(i.rcu_timer_clock_prescaler_config)
    spi_enable                               0x080015b5   Thumb Code    10  gd32f4xx_spi.o(i.spi_enable)
    spi_i2s_data_receive                     0x080015bf   Thumb Code     8  gd32f4xx_spi.o(i.spi_i2s_data_receive)
    spi_i2s_data_transmit                    0x080015c7   Thumb Code     4  gd32f4xx_spi.o(i.spi_i2s_data_transmit)
    spi_i2s_deinit                           0x080015cd   Thumb Code   162  gd32f4xx_spi.o(i.spi_i2s_deinit)
    spi_i2s_flag_get                         0x08001679   Thumb Code    16  gd32f4xx_spi.o(i.spi_i2s_flag_get)
    spi_init                                 0x08001689   Thumb Code    50  gd32f4xx_spi.o(i.spi_init)
    systick_config                           0x080017d5   Thumb Code    74  systick.o(i.systick_config)
    timer_auto_reload_shadow_enable          0x08001825   Thumb Code    10  gd32f4xx_timer.o(i.timer_auto_reload_shadow_enable)
    timer_deinit                             0x08001831   Thumb Code   374  gd32f4xx_timer.o(i.timer_deinit)
    timer_enable                             0x080019b5   Thumb Code    10  gd32f4xx_timer.o(i.timer_enable)
    timer_init                               0x080019c1   Thumb Code   122  gd32f4xx_timer.o(i.timer_init)
    timer_interrupt_enable                   0x08001a59   Thumb Code     8  gd32f4xx_timer.o(i.timer_interrupt_enable)
    timer_interrupt_flag_clear               0x08001a61   Thumb Code     6  gd32f4xx_timer.o(i.timer_interrupt_flag_clear)
    timer_interrupt_flag_get                 0x08001a67   Thumb Code    24  gd32f4xx_timer.o(i.timer_interrupt_flag_get)
    timer_struct_para_init                   0x08001a7f   Thumb Code    22  gd32f4xx_timer.o(i.timer_struct_para_init)
    usart_baudrate_set                       0x08001a95   Thumb Code   224  gd32f4xx_usart.o(i.usart_baudrate_set)
    usart_data_receive                       0x08001b7d   Thumb Code    10  gd32f4xx_usart.o(i.usart_data_receive)
    usart_data_transmit                      0x08001b87   Thumb Code     8  gd32f4xx_usart.o(i.usart_data_transmit)
    usart_deinit                             0x08001b91   Thumb Code   210  gd32f4xx_usart.o(i.usart_deinit)
    usart_enable                             0x08001c6d   Thumb Code    10  gd32f4xx_usart.o(i.usart_enable)
    usart_flag_get                           0x08001c77   Thumb Code    30  gd32f4xx_usart.o(i.usart_flag_get)
    usart_interrupt_enable                   0x08001c95   Thumb Code    26  gd32f4xx_usart.o(i.usart_interrupt_enable)
    usart_interrupt_flag_get                 0x08001caf   Thumb Code    56  gd32f4xx_usart.o(i.usart_interrupt_flag_get)
    usart_parity_config                      0x08001ce7   Thumb Code    16  gd32f4xx_usart.o(i.usart_parity_config)
    usart_receive_config                     0x08001cf7   Thumb Code    16  gd32f4xx_usart.o(i.usart_receive_config)
    usart_stop_bit_set                       0x08001d07   Thumb Code    16  gd32f4xx_usart.o(i.usart_stop_bit_set)
    usart_transmit_config                    0x08001d17   Thumb Code    16  gd32f4xx_usart.o(i.usart_transmit_config)
    usart_word_length_set                    0x08001d27   Thumb Code    16  gd32f4xx_usart.o(i.usart_word_length_set)
    Region$$Table$$Base                      0x08001d38   Number         0  anon$$obj.o(Region$$Table)
    Region$$Table$$Limit                     0x08001d58   Number         0  anon$$obj.o(Region$$Table)
    Voltage                                  0x20000000   Data           2  main.o(.data)
    TIM1_COUNT                               0x20000008   Data           4  timer.o(.data)
    adc_capture_flag                         0x2000000c   Data           1  timer.o(.data)
    rx_complete_flag                         0x2000000d   Data           1  usart.o(.data)
    SystemCoreClock                          0x20000010   Data           4  system_gd32f4xx.o(.data)
    __stdout                                 0x20000014   Data           4  stdout.o(.data)
    rx_buffer                                0x20000018   Data         128  usart.o(.bss)
    __initial_sp                             0x20000498   Data           0  startup_gd32f450_470.o(STACK)



==============================================================================

Memory Map of the image

  Image Entry point : 0x080001ad

  Load Region LR_IROM1 (Base: 0x08000000, Size: 0x00001d70, Max: 0x00080000, ABSOLUTE)

    Execution Region ER_IROM1 (Exec base: 0x08000000, Load base: 0x08000000, Size: 0x00001d58, Max: 0x00080000, ABSOLUTE)

    Exec Addr    Load Addr    Size         Type   Attr      Idx    E Section Name        Object

    0x08000000   0x08000000   0x000001ac   Data   RO         6034    RESET               startup_gd32f450_470.o
    0x080001ac   0x080001ac   0x00000000   Code   RO         6039  * .ARM.Collect$$$$00000000  mc_w.l(entry.o)
    0x080001ac   0x080001ac   0x00000004   Code   RO         6305    .ARM.Collect$$$$00000001  mc_w.l(entry2.o)
    0x080001b0   0x080001b0   0x00000004   Code   RO         6308    .ARM.Collect$$$$00000004  mc_w.l(entry5.o)
    0x080001b4   0x080001b4   0x00000000   Code   RO         6310    .ARM.Collect$$$$00000008  mc_w.l(entry7b.o)
    0x080001b4   0x080001b4   0x00000000   Code   RO         6312    .ARM.Collect$$$$0000000A  mc_w.l(entry8b.o)
    0x080001b4   0x080001b4   0x00000008   Code   RO         6313    .ARM.Collect$$$$0000000B  mc_w.l(entry9a.o)
    0x080001bc   0x080001bc   0x00000004   Code   RO         6320    .ARM.Collect$$$$0000000E  mc_w.l(entry12b.o)
    0x080001c0   0x080001c0   0x00000000   Code   RO         6315    .ARM.Collect$$$$0000000F  mc_w.l(entry10a.o)
    0x080001c0   0x080001c0   0x00000000   Code   RO         6317    .ARM.Collect$$$$00000011  mc_w.l(entry11a.o)
    0x080001c0   0x080001c0   0x00000004   Code   RO         6306    .ARM.Collect$$$$00002712  mc_w.l(entry2.o)
    0x080001c4   0x080001c4   0x00000024   Code   RO         6035    .text               startup_gd32f450_470.o
    0x080001e8   0x080001e8   0x0000001c   Code   RO         6042    .text               mc_w.l(strcmp.o)
    0x08000204   0x08000204   0x00000062   Code   RO         6324    .text               mc_w.l(uldiv.o)
    0x08000266   0x08000266   0x00000002   PAD
    0x08000268   0x08000268   0x00000024   Code   RO         6337    .text               mc_w.l(init.o)
    0x0800028c   0x0800028c   0x0000001e   Code   RO         6339    .text               mc_w.l(llshl.o)
    0x080002aa   0x080002aa   0x00000020   Code   RO         6341    .text               mc_w.l(llushr.o)
    0x080002ca   0x080002ca   0x00000002   PAD
    0x080002cc   0x080002cc   0x00000094   Code   RO          292    i.ADC0_Init         adc.o
    0x08000360   0x08000360   0x0000002c   Code   RO          293    i.ADC_Get_Value     adc.o
    0x0800038c   0x0800038c   0x00000004   Code   RO            3    i.BusFault_Handler  gd32f4xx_it.o
    0x08000390   0x08000390   0x00000004   Code   RO            4    i.DebugMon_Handler  gd32f4xx_it.o
    0x08000394   0x08000394   0x0000005c   Code   RO          402    i.Flash_ReadID      gpio.o
    0x080003f0   0x080003f0   0x00000004   Code   RO            5    i.HardFault_Handler  gd32f4xx_it.o
    0x080003f4   0x080003f4   0x00000004   Code   RO            6    i.MemManage_Handler  gd32f4xx_it.o
    0x080003f8   0x080003f8   0x00000004   Code   RO            7    i.NMI_Handler       gd32f4xx_it.o
    0x080003fc   0x080003fc   0x00000028   Code   RO          249    i.NVIC_SetPriority  systick.o
    0x08000424   0x08000424   0x00000004   Code   RO            8    i.PendSV_Handler    gd32f4xx_it.o
    0x08000428   0x08000428   0x0000001c   Code   RO          403    i.SD_Card_Init      gpio.o
    0x08000444   0x08000444   0x00000020   Code   RO          404    i.SD_Is_Present     gpio.o
    0x08000464   0x08000464   0x000000a0   Code   RO          434    i.SD_SPI_Init       spi.o
    0x08000504   0x08000504   0x00000038   Code   RO          435    i.SPI_ReadWriteByte  spi.o
    0x0800053c   0x0800053c   0x00000004   Code   RO            9    i.SVC_Handler       gd32f4xx_it.o
    0x08000540   0x08000540   0x00000008   Code   RO           10    i.SysTick_Handler   gd32f4xx_it.o
    0x08000548   0x08000548   0x0000017c   Code   RO         5982    i.SystemInit        system_gd32f4xx.o
    0x080006c4   0x080006c4   0x00000084   Code   RO          325    i.TIMER1_IRQHandler  timer.o
    0x08000748   0x08000748   0x000000e0   Code   RO          462    i.Test              instruction_set.o
    0x08000828   0x08000828   0x0000006e   Code   RO          326    i.Timer1_Init       timer.o
    0x08000896   0x08000896   0x00000002   PAD
    0x08000898   0x08000898   0x0000006c   Code   RO          357    i.USART2_IRQHandler  usart.o
    0x08000904   0x08000904   0x00000004   Code   RO           11    i.UsageFault_Handler  gd32f4xx_it.o
    0x08000908   0x08000908   0x00000094   Code   RO          358    i.Usart2_Init       usart.o
    0x0800099c   0x0800099c   0x0000000e   Code   RO          359    i.Usart2_NVIC       usart.o
    0x080009aa   0x080009aa   0x00000002   PAD
    0x080009ac   0x080009ac   0x00000020   Code   RO         6251    i.__0printf$8       mc_w.l(printf8.o)
    0x080009cc   0x080009cc   0x0000000e   Code   RO         6349    i.__scatterload_copy  mc_w.l(handlers.o)
    0x080009da   0x080009da   0x00000002   Code   RO         6350    i.__scatterload_null  mc_w.l(handlers.o)
    0x080009dc   0x080009dc   0x0000000e   Code   RO         6351    i.__scatterload_zeroinit  mc_w.l(handlers.o)
    0x080009ea   0x080009ea   0x00000002   PAD
    0x080009ec   0x080009ec   0x00000404   Code   RO         6258    i._printf_core      mc_w.l(printf8.o)
    0x08000df0   0x08000df0   0x00000024   Code   RO         6259    i._printf_post_padding  mc_w.l(printf8.o)
    0x08000e14   0x08000e14   0x0000002e   Code   RO         6260    i._printf_pre_padding  mc_w.l(printf8.o)
    0x08000e42   0x08000e42   0x0000001c   Code   RO         5983    i._soft_delay_      system_gd32f4xx.o
    0x08000e5e   0x08000e5e   0x0000002a   Code   RO          501    i.adc_calibration_enable  gd32f4xx_adc.o
    0x08000e88   0x08000e88   0x00000052   Code   RO          503    i.adc_channel_length_config  gd32f4xx_adc.o
    0x08000eda   0x08000eda   0x00000002   PAD
    0x08000edc   0x08000edc   0x00000024   Code   RO          504    i.adc_clock_config  gd32f4xx_adc.o
    0x08000f00   0x08000f00   0x00000016   Code   RO          505    i.adc_data_alignment_config  gd32f4xx_adc.o
    0x08000f16   0x08000f16   0x00000014   Code   RO          506    i.adc_deinit        gd32f4xx_adc.o
    0x08000f2a   0x08000f2a   0x00000012   Code   RO          513    i.adc_enable        gd32f4xx_adc.o
    0x08000f3c   0x08000f3c   0x00000034   Code   RO          515    i.adc_external_trigger_config  gd32f4xx_adc.o
    0x08000f70   0x08000f70   0x00000008   Code   RO          517    i.adc_flag_clear    gd32f4xx_adc.o
    0x08000f78   0x08000f78   0x0000000e   Code   RO          518    i.adc_flag_get      gd32f4xx_adc.o
    0x08000f86   0x08000f86   0x00000010   Code   RO          530    i.adc_resolution_config  gd32f4xx_adc.o
    0x08000f96   0x08000f96   0x000000ac   Code   RO          531    i.adc_routine_channel_config  gd32f4xx_adc.o
    0x08001042   0x08001042   0x00000008   Code   RO          532    i.adc_routine_data_read  gd32f4xx_adc.o
    0x0800104a   0x0800104a   0x00000024   Code   RO          534    i.adc_software_trigger_enable  gd32f4xx_adc.o
    0x0800106e   0x0800106e   0x0000005a   Code   RO          535    i.adc_special_function_config  gd32f4xx_adc.o
    0x080010c8   0x080010c8   0x00000024   Code   RO          540    i.adc_sync_mode_config  gd32f4xx_adc.o
    0x080010ec   0x080010ec   0x00000014   Code   RO          250    i.delay_1ms         systick.o
    0x08001100   0x08001100   0x00000018   Code   RO          251    i.delay_decrement   systick.o
    0x08001118   0x08001118   0x00000024   Code   RO          360    i.fputc             usart.o
    0x0800113c   0x0800113c   0x0000005e   Code   RO         2960    i.gpio_af_set       gd32f4xx_gpio.o
    0x0800119a   0x0800119a   0x00000004   Code   RO         2961    i.gpio_bit_reset    gd32f4xx_gpio.o
    0x0800119e   0x0800119e   0x00000004   Code   RO         2962    i.gpio_bit_set      gd32f4xx_gpio.o
    0x080011a2   0x080011a2   0x00000010   Code   RO         2966    i.gpio_input_bit_get  gd32f4xx_gpio.o
    0x080011b2   0x080011b2   0x0000004e   Code   RO         2968    i.gpio_mode_set     gd32f4xx_gpio.o
    0x08001200   0x08001200   0x00000010   Code   RO         2969    i.gpio_output_bit_get  gd32f4xx_gpio.o
    0x08001210   0x08001210   0x00000042   Code   RO         2970    i.gpio_output_options_set  gd32f4xx_gpio.o
    0x08001252   0x08001252   0x00000002   PAD
    0x08001254   0x08001254   0x000000bc   Code   RO          199    i.main              main.o
    0x08001310   0x08001310   0x000000c4   Code   RO         3533    i.nvic_irq_enable   gd32f4xx_misc.o
    0x080013d4   0x080013d4   0x00000014   Code   RO         3534    i.nvic_priority_group_set  gd32f4xx_misc.o
    0x080013e8   0x080013e8   0x00000018   Code   RO         3535    i.nvic_vector_table_set  gd32f4xx_misc.o
    0x08001400   0x08001400   0x00000124   Code   RO         3738    i.rcu_clock_freq_get  gd32f4xx_rcu.o
    0x08001524   0x08001524   0x00000024   Code   RO         3757    i.rcu_periph_clock_enable  gd32f4xx_rcu.o
    0x08001548   0x08001548   0x00000024   Code   RO         3760    i.rcu_periph_reset_disable  gd32f4xx_rcu.o
    0x0800156c   0x0800156c   0x00000024   Code   RO         3761    i.rcu_periph_reset_enable  gd32f4xx_rcu.o
    0x08001590   0x08001590   0x00000024   Code   RO         3773    i.rcu_timer_clock_prescaler_config  gd32f4xx_rcu.o
    0x080015b4   0x080015b4   0x0000000a   Code   RO         4597    i.spi_enable        gd32f4xx_spi.o
    0x080015be   0x080015be   0x00000008   Code   RO         4599    i.spi_i2s_data_receive  gd32f4xx_spi.o
    0x080015c6   0x080015c6   0x00000004   Code   RO         4600    i.spi_i2s_data_transmit  gd32f4xx_spi.o
    0x080015ca   0x080015ca   0x00000002   PAD
    0x080015cc   0x080015cc   0x000000ac   Code   RO         4601    i.spi_i2s_deinit    gd32f4xx_spi.o
    0x08001678   0x08001678   0x00000010   Code   RO         4602    i.spi_i2s_flag_get  gd32f4xx_spi.o
    0x08001688   0x08001688   0x00000032   Code   RO         4607    i.spi_init          gd32f4xx_spi.o
    0x080016ba   0x080016ba   0x00000002   PAD
    0x080016bc   0x080016bc   0x00000110   Code   RO         5985    i.system_clock_240m_25m_hxtal  system_gd32f4xx.o
    0x080017cc   0x080017cc   0x00000008   Code   RO         5986    i.system_clock_config  system_gd32f4xx.o
    0x080017d4   0x080017d4   0x00000050   Code   RO          252    i.systick_config    systick.o
    0x08001824   0x08001824   0x0000000a   Code   RO         4898    i.timer_auto_reload_shadow_enable  gd32f4xx_timer.o
    0x0800182e   0x0800182e   0x00000002   PAD
    0x08001830   0x08001830   0x00000184   Code   RO         4929    i.timer_deinit      gd32f4xx_timer.o
    0x080019b4   0x080019b4   0x0000000a   Code   RO         4934    i.timer_enable      gd32f4xx_timer.o
    0x080019be   0x080019be   0x00000002   PAD
    0x080019c0   0x080019c0   0x00000098   Code   RO         4944    i.timer_init        gd32f4xx_timer.o
    0x08001a58   0x08001a58   0x00000008   Code   RO         4951    i.timer_interrupt_enable  gd32f4xx_timer.o
    0x08001a60   0x08001a60   0x00000006   Code   RO         4952    i.timer_interrupt_flag_clear  gd32f4xx_timer.o
    0x08001a66   0x08001a66   0x00000018   Code   RO         4953    i.timer_interrupt_flag_get  gd32f4xx_timer.o
    0x08001a7e   0x08001a7e   0x00000016   Code   RO         4964    i.timer_struct_para_init  gd32f4xx_timer.o
    0x08001a94   0x08001a94   0x000000e8   Code   RO         5582    i.usart_baudrate_set  gd32f4xx_usart.o
    0x08001b7c   0x08001b7c   0x0000000a   Code   RO         5586    i.usart_data_receive  gd32f4xx_usart.o
    0x08001b86   0x08001b86   0x00000008   Code   RO         5587    i.usart_data_transmit  gd32f4xx_usart.o
    0x08001b8e   0x08001b8e   0x00000002   PAD
    0x08001b90   0x08001b90   0x000000dc   Code   RO         5588    i.usart_deinit      gd32f4xx_usart.o
    0x08001c6c   0x08001c6c   0x0000000a   Code   RO         5592    i.usart_enable      gd32f4xx_usart.o
    0x08001c76   0x08001c76   0x0000001e   Code   RO         5594    i.usart_flag_get    gd32f4xx_usart.o
    0x08001c94   0x08001c94   0x0000001a   Code   RO         5602    i.usart_interrupt_enable  gd32f4xx_usart.o
    0x08001cae   0x08001cae   0x00000038   Code   RO         5604    i.usart_interrupt_flag_get  gd32f4xx_usart.o
    0x08001ce6   0x08001ce6   0x00000010   Code   RO         5617    i.usart_parity_config  gd32f4xx_usart.o
    0x08001cf6   0x08001cf6   0x00000010   Code   RO         5619    i.usart_receive_config  gd32f4xx_usart.o
    0x08001d06   0x08001d06   0x00000010   Code   RO         5630    i.usart_stop_bit_set  gd32f4xx_usart.o
    0x08001d16   0x08001d16   0x00000010   Code   RO         5634    i.usart_transmit_config  gd32f4xx_usart.o
    0x08001d26   0x08001d26   0x00000010   Code   RO         5635    i.usart_word_length_set  gd32f4xx_usart.o
    0x08001d36   0x08001d36   0x00000002   PAD
    0x08001d38   0x08001d38   0x00000020   Data   RO         6347    Region$$Table       anon$$obj.o


    Execution Region RW_IRAM1 (Exec base: 0x20000000, Load base: 0x08001d58, Size: 0x00000498, Max: 0x00030000, ABSOLUTE)

    Exec Addr    Load Addr    Size         Type   Attr      Idx    E Section Name        Object

    0x20000000   0x08001d58   0x00000002   Data   RW          200    .data               main.o
    0x20000002   0x08001d5a   0x00000002   PAD
    0x20000004   0x08001d5c   0x00000004   Data   RW          253    .data               systick.o
    0x20000008   0x08001d60   0x00000005   Data   RW          327    .data               timer.o
    0x2000000d   0x08001d65   0x00000002   Data   RW          362    .data               usart.o
    0x2000000f   0x08001d67   0x00000001   PAD
    0x20000010   0x08001d68   0x00000004   Data   RW         5987    .data               system_gd32f4xx.o
    0x20000014   0x08001d6c   0x00000004   Data   RW         6321    .data               mc_w.l(stdout.o)
    0x20000018        -       0x00000080   Zero   RW          361    .bss                usart.o
    0x20000098        -       0x00000400   Zero   RW         6032    STACK               startup_gd32f450_470.o


==============================================================================

Image component sizes


      Code (inc. data)   RO Data    RW Data    ZI Data      Debug   Object Name

       192         14          0          0          0       1068   adc.o
       652         16          0          0          0      10200   gd32f4xx_adc.o
       278          0          0          0          0       5227   gd32f4xx_gpio.o
        40          0          0          0          0      68186   gd32f4xx_it.o
       240         28          0          0          0       2188   gd32f4xx_misc.o
       436         44          0          0          0       4335   gd32f4xx_rcu.o
       260         10          0          0          0       4563   gd32f4xx_spi.o
       620         44          0          0          0       5899   gd32f4xx_timer.o
       672         18          0          0          0       9149   gd32f4xx_usart.o
       152         16          0          0          0       1610   gpio.o
       224        154          0          0          0        543   instruction_set.o
       188         46          0          2          0       2013   main.o
       216         14          0          0          0       1190   spi.o
        36          8        428          0       1024        904   startup_gd32f450_470.o
       688         30          0          4          0       4019   system_gd32f4xx.o
       164         24          0          4          0      29026   systick.o
       242         14          0          5          0       1736   timer.o
       306         34          0          2        128       2809   usart.o

    ----------------------------------------------------------------------
      5626        514        460         20       1152     154665   Object Totals
         0          0         32          0          0          0   (incl. Generated)
        20          0          0          3          0          0   (incl. Padding)

    ----------------------------------------------------------------------

      Code (inc. data)   RO Data    RW Data    ZI Data      Debug   Library Member Name

         0          0          0          0          0          0   entry.o
         0          0          0          0          0          0   entry10a.o
         0          0          0          0          0          0   entry11a.o
         4          0          0          0          0          0   entry12b.o
         8          4          0          0          0          0   entry2.o
         4          0          0          0          0          0   entry5.o
         0          0          0          0          0          0   entry7b.o
         0          0          0          0          0          0   entry8b.o
         8          4          0          0          0          0   entry9a.o
        30          0          0          0          0          0   handlers.o
        36          8          0          0          0         68   init.o
        30          0          0          0          0         68   llshl.o
        32          0          0          0          0         68   llushr.o
      1142         54          0          0          0        352   printf8.o
         0          0          0          4          0          0   stdout.o
        28          0          0          0          0         76   strcmp.o
        98          0          0          0          0         92   uldiv.o

    ----------------------------------------------------------------------
      1426         70          0          4          0        724   Library Totals
         6          0          0          0          0          0   (incl. Padding)

    ----------------------------------------------------------------------

      Code (inc. data)   RO Data    RW Data    ZI Data      Debug   Library Name

      1420         70          0          4          0        724   mc_w.l

    ----------------------------------------------------------------------
      1426         70          0          4          0        724   Library Totals

    ----------------------------------------------------------------------

==============================================================================


      Code (inc. data)   RO Data    RW Data    ZI Data      Debug   

      7052        584        460         24       1152     146881   Grand Totals
      7052        584        460         24       1152     146881   ELF Image Totals
      7052        584        460         24          0          0   ROM Totals

==============================================================================

    Total RO  Size (Code + RO Data)                 7512 (   7.34kB)
    Total RW  Size (RW Data + ZI Data)              1176 (   1.15kB)
    Total ROM Size (Code + RO Data + RW Data)       7536 (   7.36kB)

==============================================================================

