<html>
<body>
<pre>
<h1>µVision Build Log</h1>
<h2>Tool Versions:</h2>
IDE-Version: ¦ÌVision V5.36.0.0
Copyright (C) 2021 ARM Ltd and ARM Germany GmbH. All rights reserved.
License Information: 1 3127183510@qq.com, 1, LIC=9WSKC-7R8CD-CXHU6-DHC5D-20WQR-1CNX4
 
Tool Versions:
Toolchain:       MDK-ARM Plus  Version: 5.36.0.0
Toolchain Path:  D:\Keil5\MDK\ARM\ARMCC\Bin
C Compiler:      Armcc.exe V5.06 update 7 (build 960)
Assembler:       Armasm.exe V5.06 update 7 (build 960)
Linker/Locator:  ArmLink.exe V5.06 update 7 (build 960)
Library Manager: ArmAr.exe V5.06 update 7 (build 960)
Hex Converter:   FromElf.exe V5.06 update 7 (build 960)
CPU DLL:         SARMCM3.DLL V5.36.0.0
Dialog DLL:      DCM.DLL V1.17.3.0
Target DLL:      UL2CM3.DLL V1.164.0.0
Dialog DLL:      TCM.DLL V1.53.0.0
 
<h2>Project:</h2>
F:\C_Cpp_Project\C_Project\MDK_Project\GD32F4xx_CIMC\Project\CIMC.uvprojx
Project File Date:  01/17/2026

<h2>Output:</h2>
*** Using Compiler 'V5.06 update 7 (build 960)', folder: 'D:\Keil5\MDK\ARM\ARMCC\Bin'
Rebuild target 'CIMC'
compiling systick.c...
compiling timer.c...
compiling gpio.c...
compiling gd32f4xx_crc.c...
compiling main.c...
compiling ADC.c...
compiling gd32f4xx_dbg.c...
compiling gd32f4xx_it.c...
compiling gd32f4xx_adc.c...
compiling gd32f4xx_enet.c...
compiling gd32f4xx_dci.c...
compiling usart.c...
compiling gd32f4xx_ctc.c...
compiling gd32f4xx_gpio.c...
compiling gd32f4xx_dac.c...
compiling gd32f4xx_exmc.c...
compiling SPI.c...
compiling gd32f4xx_fwdgt.c...
compiling gd32f4xx_exti.c...
compiling gd32f4xx_misc.c...
compiling gd32f4xx_iref.c...
compiling Instruction_set.c...
compiling gd32f4xx_can.c...
compiling gd32f4xx_i2c.c...
compiling gd32f4xx_ipa.c...
compiling gd32f4xx_dma.c...
compiling gd32f4xx_fmc.c...
compiling gd32f4xx_pmu.c...
assembling startup_gd32f450_470.s...
compiling gd32f4xx_syscfg.c...
compiling gd32f4xx_sdio.c...
compiling gd32f4xx_rcu.c...
compiling gd32f4xx_spi.c...
compiling gd32f4xx_rtc.c...
compiling gd32f4xx_tli.c...
compiling gd32f4xx_trng.c...
compiling gd32f4xx_timer.c...
compiling gd32f4xx_usart.c...
compiling gd32f4xx_wwdgt.c...
compiling system_gd32f4xx.c...
linking...
Program Size: Code=7052 RO-data=460 RW-data=24 ZI-data=1152  
FromELF: creating hex file...
".\Objects\CIMC.axf" - 0 Error(s), 0 Warning(s).

<h2>Software Packages used:</h2>

Package Vendor: GigaDevice
                https://gd32mcu.com/GigaDevice.GD32F4xx_DFP.3.4.0.pack
                GigaDevice.GD32F4xx_DFP.3.4.0
                GigaDevice GD32F4xx Series Device Support and Examples

<h2>Collection of Component include folders:</h2>
  D:\Keil5\MDK\PACK\GigaDevice\GD32F4xx_DFP\3.4.0\Device\F4XX\Include

<h2>Collection of Component Files used:</h2>
Build Time Elapsed:  00:00:01
</pre>
</body>
</html>
